Component: ARM Compiler 5.06 update 7 (build 960) Tool: armlink [4d3601]

==============================================================================

Section Cross References

    startup_stm32f103xb.o(RESET) refers to startup_stm32f103xb.o(STACK) for __initial_sp
    startup_stm32f103xb.o(RESET) refers to startup_stm32f103xb.o(.text) for Reset_Handler
    startup_stm32f103xb.o(RESET) refers to stm32f1xx_it.o(i.NMI_Handler) for NMI_Handler
    startup_stm32f103xb.o(RESET) refers to stm32f1xx_it.o(i.HardFault_Handler) for HardFault_Handler
    startup_stm32f103xb.o(RESET) refers to stm32f1xx_it.o(i.MemManage_Handler) for MemManage_Handler
    startup_stm32f103xb.o(RESET) refers to stm32f1xx_it.o(i.BusFault_Handler) for BusFault_Handler
    startup_stm32f103xb.o(RESET) refers to stm32f1xx_it.o(i.UsageFault_Handler) for UsageFault_Handler
    startup_stm32f103xb.o(RESET) refers to stm32f1xx_it.o(i.SVC_Handler) for SVC_Handler
    startup_stm32f103xb.o(RESET) refers to stm32f1xx_it.o(i.DebugMon_Handler) for DebugMon_Handler
    startup_stm32f103xb.o(RESET) refers to stm32f1xx_it.o(i.PendSV_Handler) for PendSV_Handler
    startup_stm32f103xb.o(RESET) refers to stm32f1xx_it.o(i.SysTick_Handler) for SysTick_Handler
    startup_stm32f103xb.o(RESET) refers to stm32f1xx_it.o(i.EXTI0_IRQHandler) for EXTI0_IRQHandler
    startup_stm32f103xb.o(RESET) refers to stm32f1xx_it.o(i.EXTI1_IRQHandler) for EXTI1_IRQHandler
    startup_stm32f103xb.o(RESET) refers to stm32f1xx_it.o(i.DMA1_Channel1_IRQHandler) for DMA1_Channel1_IRQHandler
    startup_stm32f103xb.o(.text) refers to system_stm32f1xx.o(i.SystemInit) for SystemInit
    startup_stm32f103xb.o(.text) refers to entry.o(.ARM.Collect$$$$00000000) for __main
    main.o(i.HAL_ADC_ConvCpltCallback) refers to main.o(.data) for .data
    main.o(i.HAL_GPIO_EXTI_Callback) refers to stm32f1xx_hal.o(i.HAL_Delay) for HAL_Delay
    main.o(i.HAL_GPIO_EXTI_Callback) refers to stm32f1xx_hal_gpio.o(i.HAL_GPIO_ReadPin) for HAL_GPIO_ReadPin
    main.o(i.HAL_GPIO_EXTI_Callback) refers to main.o(.data) for .data
    main.o(i.SystemClock_Config) refers to memseta.o(.text) for __aeabi_memclr4
    main.o(i.SystemClock_Config) refers to stm32f1xx_hal_rcc.o(i.HAL_RCC_OscConfig) for HAL_RCC_OscConfig
    main.o(i.SystemClock_Config) refers to stm32f1xx_hal_rcc.o(i.HAL_RCC_ClockConfig) for HAL_RCC_ClockConfig
    main.o(i.SystemClock_Config) refers to stm32f1xx_hal_rcc_ex.o(i.HAL_RCCEx_PeriphCLKConfig) for HAL_RCCEx_PeriphCLKConfig
    main.o(i.fgetc) refers to stm32f1xx_hal_uart.o(i.HAL_UART_Receive) for HAL_UART_Receive
    main.o(i.fgetc) refers to usart.o(.bss) for huart1
    main.o(i.fputc) refers to stm32f1xx_hal_uart.o(i.HAL_UART_Transmit) for HAL_UART_Transmit
    main.o(i.fputc) refers to usart.o(.bss) for huart1
    main.o(i.main) refers to stm32f1xx_hal.o(i.HAL_Init) for HAL_Init
    main.o(i.main) refers to main.o(i.SystemClock_Config) for SystemClock_Config
    main.o(i.main) refers to gpio.o(i.MX_GPIO_Init) for MX_GPIO_Init
    main.o(i.main) refers to dma.o(i.MX_DMA_Init) for MX_DMA_Init
    main.o(i.main) refers to adc.o(i.MX_ADC1_Init) for MX_ADC1_Init
    main.o(i.main) refers to usart.o(i.MX_USART1_UART_Init) for MX_USART1_UART_Init
    main.o(i.main) refers to tim.o(i.MX_TIM2_Init) for MX_TIM2_Init
    main.o(i.main) refers to tim.o(i.MX_TIM1_Init) for MX_TIM1_Init
    main.o(i.main) refers to oled.o(i.OLED_Init) for OLED_Init
    main.o(i.main) refers to oled.o(i.OLED_Clear) for OLED_Clear
    main.o(i.main) refers to oled.o(i.OLED_Display_On) for OLED_Display_On
    main.o(i.main) refers to stm32f1xx_hal_tim.o(i.HAL_TIM_Base_Start) for HAL_TIM_Base_Start
    main.o(i.main) refers to stm32f1xx_hal_tim.o(i.HAL_TIM_OC_Start) for HAL_TIM_OC_Start
    main.o(i.main) refers to stm32f1xx_hal_adc.o(i.HAL_ADC_Start_DMA) for HAL_ADC_Start_DMA
    main.o(i.main) refers to stm32f1xx_hal_adc_ex.o(i.HAL_ADCEx_Calibration_Start) for HAL_ADCEx_Calibration_Start
    main.o(i.main) refers to stm32f1xx_hal_tim.o(i.HAL_TIM_PWM_Init) for HAL_TIM_PWM_Init
    main.o(i.main) refers to stm32f1xx_hal_tim.o(i.HAL_TIM_PWM_Start) for HAL_TIM_PWM_Start
    main.o(i.main) refers to main.o(i.quick_sort) for quick_sort
    main.o(i.main) refers to dflti.o(.text) for __aeabi_i2d
    main.o(i.main) refers to dmul.o(.text) for __aeabi_dmul
    main.o(i.main) refers to ddiv.o(.text) for __aeabi_ddiv
    main.o(i.main) refers to dadd.o(.text) for __aeabi_dsub
    main.o(i.main) refers to d2f.o(.text) for __aeabi_d2f
    main.o(i.main) refers to f2d.o(.text) for __aeabi_f2d
    main.o(i.main) refers to dscalb.o(.text) for __ARM_scalbn
    main.o(i.main) refers to printfa.o(i.__0printf) for __2printf
    main.o(i.main) refers to oled.o(i.OLED_printf) for OLED_printf
    main.o(i.main) refers to oled.o(i.OLED_Refresh_Gram) for OLED_Refresh_Gram
    main.o(i.main) refers to fflti.o(.text) for __aeabi_i2f
    main.o(i.main) refers to cfcmple.o(.text) for __aeabi_cfcmple
[...]
    ../mathlib/exp.c                         0x00000000   Number         0  exp_x.o ABSOLUTE
    ../mathlib/exp.c                         0x00000000   Number         0  exp.o ABSOLUTE
    ../mathlib/expf.c                        0x00000000   Number         0  expf.o ABSOLUTE
    ../mathlib/expf.c                        0x00000000   Number         0  expf_x.o ABSOLUTE
    ../mathlib/fpclassify.c                  0x00000000   Number         0  fpclassify.o ABSOLUTE
    ../mathlib/fpclassifyf.c                 0x00000000   Number         0  fpclassifyf.o ABSOLUTE
    ../mathlib/funder.c                      0x00000000   Number         0  funder.o ABSOLUTE
    ../mathlib/log.c                         0x00000000   Number         0  log_x.o ABSOLUTE
    ../mathlib/log.c                         0x00000000   Number         0  log.o ABSOLUTE
    ../mathlib/logf.c                        0x00000000   Number         0  logf.o ABSOLUTE
    ../mathlib/logf.c                        0x00000000   Number         0  logf_x.o ABSOLUTE
    ../mathlib/poly.c                        0x00000000   Number         0  poly.o ABSOLUTE
    ../mathlib/powf.c                        0x00000000   Number         0  powf.o ABSOLUTE
    ../mathlib/powf.c                        0x00000000   Number         0  powf_x.o ABSOLUTE
    ../mathlib/qnan.c                        0x00000000   Number         0  qnan.o ABSOLUTE
    ../mathlib/sqrt.c                        0x00000000   Number         0  sqrt_x.o ABSOLUTE
    ../mathlib/sqrt.c                        0x00000000   Number         0  sqrt.o ABSOLUTE
    ../mathlib/sqrtf.c                       0x00000000   Number         0  sqrtf.o ABSOLUTE
    ../mathlib/sqrtf.c                       0x00000000   Number         0  sqrtf_x.o ABSOLUTE
    ../mathlib/tanhf.c                       0x00000000   Number         0  tanhf_x.o ABSOLUTE
    ../mathlib/tanhf.c                       0x00000000   Number         0  tanhf.o ABSOLUTE
    ..\Core\Src\adc.c                        0x00000000   Number         0  adc.o ABSOLUTE
    ..\Core\Src\dma.c                        0x00000000   Number         0  dma.o ABSOLUTE
    ..\Core\Src\gpio.c                       0x00000000   Number         0  gpio.o ABSOLUTE
    ..\Core\Src\main.c                       0x00000000   Number         0  main.o ABSOLUTE
    ..\Core\Src\stm32f1xx_hal_msp.c          0x00000000   Number         0  stm32f1xx_hal_msp.o ABSOLUTE
    ..\Core\Src\stm32f1xx_it.c               0x00000000   Number         0  stm32f1xx_it.o ABSOLUTE
    ..\Core\Src\system_stm32f1xx.c           0x00000000   Number         0  system_stm32f1xx.o ABSOLUTE
    ..\Core\Src\tim.c                        0x00000000   Number         0  tim.o ABSOLUTE
    ..\Core\Src\usart.c                      0x00000000   Number         0  usart.o ABSOLUTE
    ..\Drivers\STM32F1xx_HAL_Driver\Src\stm32f1xx_hal.c 0x00000000   Number         0  stm32f1xx_hal.o ABSOLUTE
    ..\Drivers\STM32F1xx_HAL_Driver\Src\stm32f1xx_hal_adc.c 0x00000000   Number         0  stm32f1xx_hal_adc.o ABSOLUTE
    ..\Drivers\STM32F1xx_HAL_Driver\Src\stm32f1xx_hal_adc_ex.c 0x00000000   Number         0  stm32f1xx_hal_adc_ex.o ABSOLUTE
    ..\Drivers\STM32F1xx_HAL_Driver\Src\stm32f1xx_hal_cortex.c 0x00000000   Number         0  stm32f1xx_hal_cortex.o ABSOLUTE
    ..\Drivers\STM32F1xx_HAL_Driver\Src\stm32f1xx_hal_dma.c 0x00000000   Number         0  stm32f1xx_hal_dma.o ABSOLUTE
    ..\Drivers\STM32F1xx_HAL_Driver\Src\stm32f1xx_hal_exti.c 0x00000000   Number         0  stm32f1xx_hal_exti.o ABSOLUTE
    ..\Drivers\STM32F1xx_HAL_Driver\Src\stm32f1xx_hal_flash.c 0x00000000   Number         0  stm32f1xx_hal_flash.o ABSOLUTE
    ..\Drivers\STM32F1xx_HAL_Driver\Src\stm32f1xx_hal_flash_ex.c 0x00000000   Number         0  stm32f1xx_hal_flash_ex.o ABSOLUTE
    ..\Drivers\STM32F1xx_HAL_Driver\Src\stm32f1xx_hal_gpio.c 0x00000000   Number         0  stm32f1xx_hal_gpio.o ABSOLUTE
    ..\Drivers\STM32F1xx_HAL_Driver\Src\stm32f1xx_hal_gpio_ex.c 0x00000000   Number         0  stm32f1xx_hal_gpio_ex.o ABSOLUTE
    ..\Drivers\STM32F1xx_HAL_Driver\Src\stm32f1xx_hal_pwr.c 0x00000000   Number         0  stm32f1xx_hal_pwr.o ABSOLUTE
    ..\Drivers\STM32F1xx_HAL_Driver\Src\stm32f1xx_hal_rcc.c 0x00000000   Number         0  stm32f1xx_hal_rcc.o ABSOLUTE
    ..\Drivers\STM32F1xx_HAL_Driver\Src\stm32f1xx_hal_rcc_ex.c 0x00000000   Number         0  stm32f1xx_hal_rcc_ex.o ABSOLUTE
    ..\Drivers\STM32F1xx_HAL_Driver\Src\stm32f1xx_hal_tim.c 0x00000000   Number         0  stm32f1xx_hal_tim.o ABSOLUTE
    ..\Drivers\STM32F1xx_HAL_Driver\Src\stm32f1xx_hal_tim_ex.c 0x00000000   Number         0  stm32f1xx_hal_tim_ex.o ABSOLUTE
    ..\Drivers\STM32F1xx_HAL_Driver\Src\stm32f1xx_hal_uart.c 0x00000000   Number         0  stm32f1xx_hal_uart.o ABSOLUTE
    D:/keli5/pack/ARM/CMSIS/5.9.0/CMSIS/DSP/Source/BasicMathFunctions/BasicMathFunctions.c 0x00000000   Number         0  basicmathfunctions.o ABSOLUTE
    D:/keli5/pack/ARM/CMSIS/5.9.0/CMSIS/DSP/Source/BasicMathFunctions/BasicMathFunctionsF16.c 0x00000000   Number         0  basicmathfunctionsf16.o ABSOLUTE
    D:/keli5/pack/ARM/CMSIS/5.9.0/CMSIS/DSP/Source/BayesFunctions/BayesFunctions.c 0x00000000   Number         0  bayesfunctions.o ABSOLUTE
    D:/keli5/pack/ARM/CMSIS/5.9.0/CMSIS/DSP/Source/BayesFunctions/BayesFunctionsF16.c 0x00000000   Number         0  bayesfunctionsf16.o ABSOLUTE
    D:/keli5/pack/ARM/CMSIS/5.9.0/CMSIS/DSP/Source/CommonTables/CommonTables.c 0x00000000   Number         0  commontables.o ABSOLUTE
    D:/keli5/pack/ARM/CMSIS/5.9.0/CMSIS/DSP/Source/CommonTables/CommonTablesF16.c 0x00000000   Number         0  commontablesf16.o ABSOLUTE
    D:/keli5/pack/ARM/CMSIS/5.9.0/CMSIS/DSP/Source/ComplexMathFunctions/ComplexMathFunctions.c 0x00000000   Number         0  complexmathfunctions.o ABSOLUTE
    D:/keli5/pack/ARM/CMSIS/5.9.0/CMSIS/DSP/Source/ComplexMathFunctions/ComplexMathFunctionsF16.c 0x00000000   Number         0  complexmathfunctionsf16.o ABSOLUTE
    D:/keli5/pack/ARM/CMSIS/5.9.0/CMSIS/DSP/Source/ControllerFunctions/ControllerFunctions.c 0x00000000   Number         0  controllerfunctions.o ABSOLUTE
    D:/keli5/pack/ARM/CMSIS/5.9.0/CMSIS/DSP/Source/DistanceFunctions/DistanceFunctions.c 0x00000000   Number         0  distancefunctions.o ABSOLUTE
    D:/keli5/pack/ARM/CMSIS/5.9.0/CMSIS/DSP/Source/DistanceFunctions/DistanceFunctionsF16.c 0x00000000   Number         0  distancefunctionsf16.o ABSOLUTE
    D:/keli5/pack/ARM/CMSIS/5.9.0/CMSIS/DSP/Source/FastMathFunctions/FastMathFunctions.c 0x00000000   Number         0  fastmathfunctions.o ABSOLUTE
    D:/keli5/pack/ARM/CMSIS/5.9.0/CMSIS/DSP/Source/FastMathFunctions/FastMathFunctionsF16.c 0x00000000   Number         0  fastmathfunctionsf16.o ABSOLUTE
    D:/keli5/pack/ARM/CMSIS/5.9.0/CMSIS/DSP/Source/FilteringFunctions/FilteringFunctions.c 0x00000000   Number         0  filteringfunctions.o ABSOLUTE
    D:/keli5/pack/ARM/CMSIS/5.9.0/CMSIS/DSP/Source/FilteringFunctions/FilteringFunctionsF16.c 0x00000000   Number         0  filteringfunctionsf16.o ABSOLUTE
    D:/keli5/pack/ARM/CMSIS/5.9.0/CMSIS/DSP/Source/InterpolationFunctions/InterpolationFunctions.c 0x00000000   Number         0  interpolationfunctions.o ABSOLUTE
    D:/keli5/pack/ARM/CMSIS/5.9.0/CMSIS/DSP/Source/InterpolationFunctions/InterpolationFunctionsF16.c 0x00000000   Number         0  interpolationfunctionsf16.o ABSOLUTE
    D:/keli5/pack/ARM/CMSIS/5.9.0/CMSIS/DSP/Source/MatrixFunctions/MatrixFunctions.c 0x00000000   Number         0  matrixfunctions.o ABSOLUTE
    D:/keli5/pack/ARM/CMSIS/5.9.0/CMSIS/DSP/Source/MatrixFunctions/MatrixFunctionsF16.c 0x00000000   Number         0  matrixfunctionsf16.o ABSOLUTE
    D:/keli5/pack/ARM/CMSIS/5.9.0/CMSIS/DSP/Source/QuaternionMathFunctions/QuaternionMathFunctions.c 0x00000000   Number         0  quaternionmathfunctions.o ABSOLUTE
    D:/keli5/pack/ARM/CMSIS/5.9.0/CMSIS/DSP/Source/SVMFunctions/SVMFunctions.c 0x00000000   Number         0  svmfunctions.o ABSOLUTE
    D:/keli5/pack/ARM/CMSIS/5.9.0/CMSIS/DSP/Source/SVMFunctions/SVMFunctionsF16.c 0x00000000   Number         0  svmfunctionsf16.o ABSOLUTE
    D:/keli5/pack/ARM/CMSIS/5.9.0/CMSIS/DSP/Source/StatisticsFunctions/StatisticsFunctions.c 0x00000000   Number         0  statisticsfunctions.o ABSOLUTE
    D:/keli5/pack/ARM/CMSIS/5.9.0/CMSIS/DSP/Source/StatisticsFunctions/StatisticsFunctionsF16.c 0x00000000   Number         0  statisticsfunctionsf16.o ABSOLUTE
    D:/keli5/pack/ARM/CMSIS/5.9.0/CMSIS/DSP/Source/SupportFunctions/SupportFunctions.c 0x00000000   Number         0  supportfunctions.o ABSOLUTE
    D:/keli5/pack/ARM/CMSIS/5.9.0/CMSIS/DSP/Source/SupportFunctions/SupportFunctionsF16.c 0x00000000   Number         0  supportfunctionsf16.o ABSOLUTE
    D:/keli5/pack/ARM/CMSIS/5.9.0/CMSIS/DSP/Source/TransformFunctions/TransformFunctions.c 0x00000000   Number         0  transformfunctions.o ABSOLUTE
    D:/keli5/pack/ARM/CMSIS/5.9.0/CMSIS/DSP/Source/TransformFunctions/TransformFunctionsF16.c 0x00000000   Number         0  transformfunctionsf16.o ABSOLUTE
    D:\keli5\pack\ARM\CMSIS\5.9.0\CMSIS\DSP\Source\BasicMathFunctions\BasicMathFunctions.c 0x00000000   Number         0  basicmathfunctions.o ABSOLUTE
    D:\keli5\pack\ARM\CMSIS\5.9.0\CMSIS\DSP\Source\BasicMathFunctions\BasicMathFunctionsF16.c 0x00000000   Number         0  basicmathfunctionsf16.o ABSOLUTE
    D:\keli5\pack\ARM\CMSIS\5.9.0\CMSIS\DSP\Source\BayesFunctions\BayesFunctions.c 0x00000000   Number         0  bayesfunctions.o ABSOLUTE
    D:\keli5\pack\ARM\CMSIS\5.9.0\CMSIS\DSP\Source\BayesFunctions\BayesFunctionsF16.c 0x00000000   Number         0  bayesfunctionsf16.o ABSOLUTE
    D:\keli5\pack\ARM\CMSIS\5.9.0\CMSIS\DSP\Source\CommonTables\CommonTables.c 0x00000000   Number         0  commontables.o ABSOLUTE
    D:\keli5\pack\ARM\CMSIS\5.9.0\CMSIS\DSP\Source\CommonTables\CommonTablesF16.c 0x00000000   Number         0  commontablesf16.o ABSOLUTE
    D:\keli5\pack\ARM\CMSIS\5.9.0\CMSIS\DSP\Source\ComplexMathFunctions\ComplexMathFunctions.c 0x00000000   Number         0  complexmathfunctions.o ABSOLUTE
    D:\keli5\pack\ARM\CMSIS\5.9.0\CMSIS\DSP\Source\ComplexMathFunctions\ComplexMathFunctionsF16.c 0x00000000   Number         0  complexmathfunctionsf16.o ABSOLUTE
    D:\keli5\pack\ARM\CMSIS\5.9.0\CMSIS\DSP\Source\ControllerFunctions\ControllerFunctions.c 0x00000000   Number         0  controllerfunctions.o ABSOLUTE
    D:\keli5\pack\ARM\CMSIS\5.9.0\CMSIS\DSP\Source\DistanceFunctions\DistanceFunctions.c 0x00000000   Number         0  distancefunctions.o ABSOLUTE
    D:\keli5\pack\ARM\CMSIS\5.9.0\CMSIS\DSP\Source\DistanceFunctions\DistanceFunctionsF16.c 0x00000000   Number         0  distancefunctionsf16.o ABSOLUTE
    D:\keli5\pack\ARM\CMSIS\5.9.0\CMSIS\DSP\Source\FastMathFunctions\FastMathFunctions.c 0x00000000   Number         0  fastmathfunctions.o ABSOLUTE
    D:\keli5\pack\ARM\CMSIS\5.9.0\CMSIS\DSP\Source\FastMathFunctions\FastMathFunctionsF16.c 0x00000000   Number         0  fastmathfunctionsf16.o ABSOLUTE
    D:\keli5\pack\ARM\CMSIS\5.9.0\CMSIS\DSP\Source\FilteringFunctions\FilteringFunctions.c 0x00000000   Number         0  filteringfunctions.o ABSOLUTE
    D:\keli5\pack\ARM\CMSIS\5.9.0\CMSIS\DSP\Source\FilteringFunctions\FilteringFunctionsF16.c 0x00000000   Number         0  filteringfunctionsf16.o ABSOLUTE
    D:\keli5\pack\ARM\CMSIS\5.9.0\CMSIS\DSP\Source\InterpolationFunctions\InterpolationFunctions.c 0x00000000   Number         0  interpolationfunctions.o ABSOLUTE
    D:\keli5\pack\ARM\CMSIS\5.9.0\CMSIS\DSP\Source\InterpolationFunctions\InterpolationFunctionsF16.c 0x00000000   Number         0  interpolationfunctionsf16.o ABSOLUTE
    D:\keli5\pack\ARM\CMSIS\5.9.0\CMSIS\DSP\Source\MatrixFunctions\MatrixFunctions.c 0x00000000   Number         0  matrixfunctions.o ABSOLUTE
    D:\keli5\pack\ARM\CMSIS\5.9.0\CMSIS\DSP\Source\MatrixFunctions\MatrixFunctionsF16.c 0x00000000   Number         0  matrixfunctionsf16.o ABSOLUTE
    D:\keli5\pack\ARM\CMSIS\5.9.0\CMSIS\DSP\Source\QuaternionMathFunctions\QuaternionMathFunctions.c 0x00000000   Number         0  quaternionmathfunctions.o ABSOLUTE
    D:\keli5\pack\ARM\CMSIS\5.9.0\CMSIS\DSP\Source\SVMFunctions\SVMFunctions.c 0x00000000   Number         0  svmfunctions.o ABSOLUTE
    D:\keli5\pack\ARM\CMSIS\5.9.0\CMSIS\DSP\Source\SVMFunctions\SVMFunctionsF16.c 0x00000000   Number         0  svmfunctionsf16.o ABSOLUTE
    D:\keli5\pack\ARM\CMSIS\5.9.0\CMSIS\DSP\Source\StatisticsFunctions\StatisticsFunctions.c 0x00000000   Number         0  statisticsfunctions.o ABSOLUTE
    D:\keli5\pack\ARM\CMSIS\5.9.0\CMSIS\DSP\Source\StatisticsFunctions\StatisticsFunctionsF16.c 0x00000000   Number         0  statisticsfunctionsf16.o ABSOLUTE
    D:\keli5\pack\ARM\CMSIS\5.9.0\CMSIS\DSP\Source\SupportFunctions\SupportFunctions.c 0x00000000   Number         0  supportfunctions.o ABSOLUTE
    D:\keli5\pack\ARM\CMSIS\5.9.0\CMSIS\DSP\Source\SupportFunctions\SupportFunctionsF16.c 0x00000000   Number         0  supportfunctionsf16.o ABSOLUTE
    D:\keli5\pack\ARM\CMSIS\5.9.0\CMSIS\DSP\Source\TransformFunctions\TransformFunctions.c 0x00000000   Number         0  transformfunctions.o ABSOLUTE
    D:\keli5\pack\ARM\CMSIS\5.9.0\CMSIS\DSP\Source\TransformFunctions\TransformFunctionsF16.c 0x00000000   Number         0  transformfunctionsf16.o ABSOLUTE
    cdcmple.s                                0x00000000   Number         0  cdcmple.o ABSOLUTE
    cdrcmple.s                               0x00000000   Number         0  cdrcmple.o ABSOLUTE
    cfcmple.s                                0x00000000   Number         0  cfcmple.o ABSOLUTE
    cfrcmple.s                               0x00000000   Number         0  cfrcmple.o ABSOLUTE
    dc.s                                     0x00000000   Number         0  dc.o ABSOLUTE
    handlers.s                               0x00000000   Number         0  handlers.o ABSOLUTE
    init.s                                   0x00000000   Number         0  init.o ABSOLUTE
    oled-lib\\oled.c                         0x00000000   Number         0  oled.o ABSOLUTE
    oled-lib\oled.c                          0x00000000   Number         0  oled.o ABSOLUTE
    startup_stm32f103xb.s                    0x00000000   Number         0  startup_stm32f103xb.o ABSOLUTE
    RESET                                    0x08000000   Section      236  startup_stm32f103xb.o(RESET)
    .ARM.Collect$$$$00000000                 0x080000ec   Section        0  entry.o(.ARM.Collect$$$$00000000)
    .ARM.Collect$$$$00000001                 0x080000ec   Section        4  entry2.o(.ARM.Collect$$$$00000001)
    .ARM.Collect$$$$00000004                 0x080000f0   Section        4  entry5.o(.ARM.Collect$$$$00000004)
    .ARM.Collect$$$$00000008                 0x080000f4   Section        0  entry7b.o(.ARM.Collect$$$$00000008)
    .ARM.Collect$$$$0000000A                 0x080000f4   Section        0  entry8b.o(.ARM.Collect$$$$0000000A)
    .ARM.Collect$$$$0000000B                 0x080000f4   Section        8  entry9a.o(.ARM.Collect$$$$0000000B)
    .ARM.Collect$$$$0000000E                 0x080000fc   Section        4  entry12b.o(.ARM.Collect$$$$0000000E)
    .ARM.Collect$$$$0000000F                 0x08000100   Section        0  entry10a.o(.ARM.Collect$$$$0000000F)
    .ARM.Collect$$$$00000011                 0x08000100   Section        0  entry11a.o(.ARM.Collect$$$$00000011)
    .ARM.Collect$$$$00002712                 0x08000100   Section        4  entry2.o(.ARM.Collect$$$$00002712)
    __lit__00000000                          0x08000100   Data           4  entry2.o(.ARM.Collect$$$$00002712)
    .text                                    0x08000104   Section       36  startup_stm32f103xb.o(.text)
    .text                                    0x08000128   Section        0  uldiv.o(.text)
    .text                                    0x0800018a   Section        0  llshl.o(.text)
    .text                                    0x080001a8   Section        0  llushr.o(.text)
    .text                                    0x080001c8   Section        0  llsshr.o(.text)
    .text                                    0x080001ec   Section        0  memseta.o(.text)
    .text                                    0x08000210   Section        0  fadd.o(.text)
    .text                                    0x080002c0   Section        0  fmul.o(.text)
    .text                                    0x08000324   Section        0  fdiv.o(.text)
    .text                                    0x080003a0   Section        0  dadd.o(.text)
    .text                                    0x080004ee   Section        0  dmul.o(.text)
    .text                                    0x080005d2   Section        0  ddiv.o(.text)
    .text                                    0x080006b0   Section        0  dscalb.o(.text)
    .text                                    0x080006de   Section        0  fflti.o(.text)
    .text                                    0x080006f0   Section        0  ffltui.o(.text)
    .text                                    0x080006fa   Section        0  dflti.o(.text)
    .text                                    0x0800071c   Section        0  ffixui.o(.text)
    .text                                    0x08000744   Section        0  f2d.o(.text)
    .text                                    0x0800076c   Section       48  cdrcmple.o(.text)
    .text                                    0x0800079c   Section        0  d2f.o(.text)
    .text                                    0x080007d4   Section       20  cfcmple.o(.text)
    .text                                    0x080007e8   Section       20  cfrcmple.o(.text)
    .text                                    0x080007fc   Section        0  uidiv.o(.text)
    .text                                    0x08000828   Section        0  iusefp.o(.text)
    .text                                    0x08000828   Section        0  fepilogue.o(.text)
    .text                                    0x08000896   Section        0  depilogue.o(.text)
    .text                                    0x08000950   Section        0  dfixul.o(.text)
    .text                                    0x08000980   Section       36  init.o(.text)
    .text                                    0x080009a4   Section        0  __dczerorl2.o(.text)
    i.ADC_ConversionStop_Disable             0x080009fc   Section        0  stm32f1xx_hal_adc.o(i.ADC_ConversionStop_Disable)
    i.ADC_DMAConvCplt                        0x08000a52   Section        0  stm32f1xx_hal_adc.o(i.ADC_DMAConvCplt)
    i.ADC_DMAError                           0x08000aa0   Section        0  stm32f1xx_hal_adc.o(i.ADC_DMAError)
    i.ADC_DMAHalfConvCplt                    0x08000aba   Section        0  stm32f1xx_hal_adc.o(i.ADC_DMAHalfConvCplt)
    i.ADC_Enable                             0x08000ac4   Section        0  stm32f1xx_hal_adc.o(i.ADC_Enable)
    i.BusFault_Handler                       0x08000b40   Section        0  stm32f1xx_it.o(i.BusFault_Handler)
    i.DMA1_Channel1_IRQHandler               0x08000b44   Section        0  stm32f1xx_it.o(i.DMA1_Channel1_IRQHandler)
    i.DMA_SetConfig                          0x08000b50   Section        0  stm32f1xx_hal_dma.o(i.DMA_SetConfig)
    DMA_SetConfig                            0x08000b51   Thumb Code    42  stm32f1xx_hal_dma.o(i.DMA_SetConfig)
    i.DebugMon_Handler                       0x08000b7a   Section        0  stm32f1xx_it.o(i.DebugMon_Handler)
    i.EXTI0_IRQHandler                       0x08000b7c   Section        0  stm32f1xx_it.o(i.EXTI0_IRQHandler)
    i.EXTI1_IRQHandler                       0x08000b82   Section        0  stm32f1xx_it.o(i.EXTI1_IRQHandler)
    i.Error_Handler                          0x08000b88   Section        0  main.o(i.Error_Handler)
    i.HAL_ADCEx_Calibration_Start            0x08000b8c   Section        0  stm32f1xx_hal_adc_ex.o(i.HAL_ADCEx_Calibration_Start)
    i.HAL_ADC_ConfigChannel                  0x08000c64   Section        0  stm32f1xx_hal_adc.o(i.HAL_ADC_ConfigChannel)
    i.HAL_ADC_ConvCpltCallback               0x08000d60   Section        0  main.o(i.HAL_ADC_ConvCpltCallback)
    i.HAL_ADC_ConvHalfCpltCallback           0x08000d6c   Section        0  stm32f1xx_hal_adc.o(i.HAL_ADC_ConvHalfCpltCallback)
    i.HAL_ADC_ErrorCallback                  0x08000d6e   Section        0  stm32f1xx_hal_adc.o(i.HAL_ADC_ErrorCallback)
    i.HAL_ADC_Init                           0x08000d70   Section        0  stm32f1xx_hal_adc.o(i.HAL_ADC_Init)
    i.HAL_ADC_MspInit                        0x08000e8c   Section        0  adc.o(i.HAL_ADC_MspInit)
    i.HAL_ADC_Start_DMA                      0x08000f1c   Section        0  stm32f1xx_hal_adc.o(i.HAL_ADC_Start_DMA)
    i.HAL_DMA_IRQHandler                     0x08001028   Section        0  stm32f1xx_hal_dma.o(i.HAL_DMA_IRQHandler)
    i.HAL_DMA_Init                           0x0800117c   Section        0  stm32f1xx_hal_dma.o(i.HAL_DMA_Init)
    i.HAL_DMA_Start_IT                       0x080011d8   Section        0  stm32f1xx_hal_dma.o(i.HAL_DMA_Start_IT)
    i.HAL_Delay                              0x08001248   Section        0  stm32f1xx_hal.o(i.HAL_Delay)
    i.HAL_GPIO_EXTI_Callback                 0x0800126c   Section        0  main.o(i.HAL_GPIO_EXTI_Callback)
    i.HAL_GPIO_EXTI_IRQHandler               0x080012b0   Section        0  stm32f1xx_hal_gpio.o(i.HAL_GPIO_EXTI_IRQHandler)
    i.HAL_GPIO_Init                          0x080012c8   Section        0  stm32f1xx_hal_gpio.o(i.HAL_GPIO_Init)
    i.HAL_GPIO_ReadPin                       0x080014a8   Section        0  stm32f1xx_hal_gpio.o(i.HAL_GPIO_ReadPin)
    i.HAL_GPIO_WritePin                      0x080014b2   Section        0  stm32f1xx_hal_gpio.o(i.HAL_GPIO_WritePin)
    i.HAL_GetTick                            0x080014bc   Section        0  stm32f1xx_hal.o(i.HAL_GetTick)
    i.HAL_IncTick                            0x080014c8   Section        0  stm32f1xx_hal.o(i.HAL_IncTick)
    i.HAL_Init                               0x080014d8   Section        0  stm32f1xx_hal.o(i.HAL_Init)
    i.HAL_InitTick                           0x080014fc   Section        0  stm32f1xx_hal.o(i.HAL_InitTick)
    i.HAL_MspInit                            0x0800153c   Section        0  stm32f1xx_hal_msp.o(i.HAL_MspInit)
    i.HAL_NVIC_EnableIRQ                     0x08001578   Section        0  stm32f1xx_hal_cortex.o(i.HAL_NVIC_EnableIRQ)
    i.HAL_NVIC_SetPriority                   0x08001594   Section        0  stm32f1xx_hal_cortex.o(i.HAL_NVIC_SetPriority)
    i.HAL_NVIC_SetPriorityGrouping           0x080015d4   Section        0  stm32f1xx_hal_cortex.o(i.HAL_NVIC_SetPriorityGrouping)
    i.HAL_RCCEx_GetPeriphCLKFreq             0x080015f8   Section        0  stm32f1xx_hal_rcc_ex.o(i.HAL_RCCEx_GetPeriphCLKFreq)
    i.HAL_RCCEx_PeriphCLKConfig              0x0800169c   Section        0  stm32f1xx_hal_rcc_ex.o(i.HAL_RCCEx_PeriphCLKConfig)
    i.HAL_RCC_ClockConfig                    0x08001788   Section        0  stm32f1xx_hal_rcc.o(i.HAL_RCC_ClockConfig)
    i.HAL_RCC_GetPCLK1Freq                   0x080018b4   Section        0  stm32f1xx_hal_rcc.o(i.HAL_RCC_GetPCLK1Freq)
    i.HAL_RCC_GetPCLK2Freq                   0x080018d4   Section        0  stm32f1xx_hal_rcc.o(i.HAL_RCC_GetPCLK2Freq)
    i.HAL_RCC_GetSysClockFreq                0x080018f4   Section        0  stm32f1xx_hal_rcc.o(i.HAL_RCC_GetSysClockFreq)
    i.HAL_RCC_OscConfig                      0x08001940   Section        0  stm32f1xx_hal_rcc.o(i.HAL_RCC_OscConfig)
    i.HAL_SYSTICK_Config                     0x08001c60   Section        0  stm32f1xx_hal_cortex.o(i.HAL_SYSTICK_Config)
    i.HAL_TIMEx_ConfigBreakDeadTime          0x08001c88   Section        0  stm32f1xx_hal_tim_ex.o(i.HAL_TIMEx_ConfigBreakDeadTime)
    i.HAL_TIMEx_MasterConfigSynchronization  0x08001cdc   Section        0  stm32f1xx_hal_tim_ex.o(i.HAL_TIMEx_MasterConfigSynchronization)
    i.HAL_TIM_Base_Init                      0x08001d44   Section        0  stm32f1xx_hal_tim.o(i.HAL_TIM_Base_Init)
    i.HAL_TIM_Base_MspInit                   0x08001da0   Section        0  tim.o(i.HAL_TIM_Base_MspInit)
    i.HAL_TIM_Base_Start                     0x08001dc4   Section        0  stm32f1xx_hal_tim.o(i.HAL_TIM_Base_Start)
    i.HAL_TIM_ConfigClockSource              0x08001e14   Section        0  stm32f1xx_hal_tim.o(i.HAL_TIM_ConfigClockSource)
    i.HAL_TIM_MspPostInit                    0x08001ef0   Section        0  tim.o(i.HAL_TIM_MspPostInit)
    i.HAL_TIM_OC_ConfigChannel               0x08001f7c   Section        0  stm32f1xx_hal_tim.o(i.HAL_TIM_OC_ConfigChannel)
    i.HAL_TIM_OC_Init                        0x08001fce   Section        0  stm32f1xx_hal_tim.o(i.HAL_TIM_OC_Init)
    i.HAL_TIM_OC_MspInit                     0x08002028   Section        0  stm32f1xx_hal_tim.o(i.HAL_TIM_OC_MspInit)
    i.HAL_TIM_OC_Start                       0x0800202c   Section        0  stm32f1xx_hal_tim.o(i.HAL_TIM_OC_Start)
    i.HAL_TIM_PWM_ConfigChannel              0x080020c8   Section        0  stm32f1xx_hal_tim.o(i.HAL_TIM_PWM_ConfigChannel)
    i.HAL_TIM_PWM_Init                       0x08002194   Section        0  stm32f1xx_hal_tim.o(i.HAL_TIM_PWM_Init)
    i.HAL_TIM_PWM_MspInit                    0x080021f0   Section        0  tim.o(i.HAL_TIM_PWM_MspInit)
    i.HAL_TIM_PWM_Start                      0x08002218   Section        0  stm32f1xx_hal_tim.o(i.HAL_TIM_PWM_Start)
    i.HAL_UART_Init                          0x080022b4   Section        0  stm32f1xx_hal_uart.o(i.HAL_UART_Init)
    i.HAL_UART_MspInit                       0x08002318   Section        0  usart.o(i.HAL_UART_MspInit)
    i.HAL_UART_Transmit                      0x08002388   Section        0  stm32f1xx_hal_uart.o(i.HAL_UART_Transmit)
    i.HardFault_Handler                      0x08002422   Section        0  stm32f1xx_it.o(i.HardFault_Handler)
    i.MX_ADC1_Init                           0x08002424   Section        0  adc.o(i.MX_ADC1_Init)
    i.MX_DMA_Init                            0x08002474   Section        0  dma.o(i.MX_DMA_Init)
    i.MX_GPIO_Init                           0x080024a0   Section        0  gpio.o(i.MX_GPIO_Init)
    i.MX_TIM1_Init                           0x08002570   Section        0  tim.o(i.MX_TIM1_Init)
    i.MX_TIM2_Init                           0x08002614   Section        0  tim.o(i.MX_TIM2_Init)
    i.MX_USART1_UART_Init                    0x080026b0   Section        0  usart.o(i.MX_USART1_UART_Init)
    i.MemManage_Handler                      0x080026e8   Section        0  stm32f1xx_it.o(i.MemManage_Handler)
    i.NMI_Handler                            0x080026ea   Section        0  stm32f1xx_it.o(i.NMI_Handler)
    i.OLED_Clear                             0x080026ec   Section        0  oled.o(i.OLED_Clear)
    i.OLED_Display_On                        0x08002738   Section        0  oled.o(i.OLED_Display_On)
    i.OLED_DrawPoint                         0x08002758   Section        0  oled.o(i.OLED_DrawPoint)
    i.OLED_IIC_Start                         0x0800278c   Section        0  oled.o(i.OLED_IIC_Start)
    i.OLED_IIC_Stop                          0x080027c4   Section        0  oled.o(i.OLED_IIC_Stop)
    i.OLED_IIC_Wait_Ack                      0x080027f0   Section        0  oled.o(i.OLED_IIC_Wait_Ack)
    i.OLED_Init                              0x08002814   Section        0  oled.o(i.OLED_Init)
    i.OLED_Refresh_Gram                      0x08002904   Section        0  oled.o(i.OLED_Refresh_Gram)
    i.OLED_Set_Pos                           0x08002938   Section        0  oled.o(i.OLED_Set_Pos)
    i.OLED_ShowCharG4                        0x08002964   Section        0  oled.o(i.OLED_ShowCharG4)
    i.OLED_ShowStringG4                      0x080029d8   Section        0  oled.o(i.OLED_ShowStringG4)
    i.OLED_WR_Byte                           0x08002a0e   Section        0  oled.o(i.OLED_WR_Byte)
    i.OLED_Write_IIC_Byte                    0x08002a1c   Section        0  oled.o(i.OLED_Write_IIC_Byte)
    i.OLED_Write_IIC_Command                 0x08002a78   Section        0  oled.o(i.OLED_Write_IIC_Command)
    i.OLED_Write_IIC_Data                    0x08002aa6   Section        0  oled.o(i.OLED_Write_IIC_Data)
    i.OLED_printf                            0x08002ad4   Section        0  oled.o(i.OLED_printf)
    i.PendSV_Handler                         0x08002b18   Section        0  stm32f1xx_it.o(i.PendSV_Handler)
    i.SVC_Handler                            0x08002b1a   Section        0  stm32f1xx_it.o(i.SVC_Handler)
    i.SysTick_Handler                        0x08002b1c   Section        0  stm32f1xx_it.o(i.SysTick_Handler)
    i.SystemClock_Config                     0x08002b20   Section        0  main.o(i.SystemClock_Config)
    i.SystemInit                             0x08002b98   Section        0  system_stm32f1xx.o(i.SystemInit)
    i.TIM_Base_SetConfig                     0x08002b9c   Section        0  stm32f1xx_hal_tim.o(i.TIM_Base_SetConfig)
    i.TIM_CCxChannelCmd                      0x08002c08   Section        0  stm32f1xx_hal_tim.o(i.TIM_CCxChannelCmd)
    i.TIM_ETR_SetConfig                      0x08002c22   Section        0  stm32f1xx_hal_tim.o(i.TIM_ETR_SetConfig)
    i.TIM_ITRx_SetConfig                     0x08002c36   Section        0  stm32f1xx_hal_tim.o(i.TIM_ITRx_SetConfig)
    TIM_ITRx_SetConfig                       0x08002c37   Thumb Code    16  stm32f1xx_hal_tim.o(i.TIM_ITRx_SetConfig)
    i.TIM_OC1_SetConfig                      0x08002c48   Section        0  stm32f1xx_hal_tim.o(i.TIM_OC1_SetConfig)
    TIM_OC1_SetConfig                        0x08002c49   Thumb Code    74  stm32f1xx_hal_tim.o(i.TIM_OC1_SetConfig)
    i.TIM_OC2_SetConfig                      0x08002c98   Section        0  stm32f1xx_hal_tim.o(i.TIM_OC2_SetConfig)
    i.TIM_OC3_SetConfig                      0x08002cf0   Section        0  stm32f1xx_hal_tim.o(i.TIM_OC3_SetConfig)
    TIM_OC3_SetConfig                        0x08002cf1   Thumb Code    82  stm32f1xx_hal_tim.o(i.TIM_OC3_SetConfig)
    i.TIM_OC4_SetConfig                      0x08002d48   Section        0  stm32f1xx_hal_tim.o(i.TIM_OC4_SetConfig)
    TIM_OC4_SetConfig                        0x08002d49   Thumb Code    64  stm32f1xx_hal_tim.o(i.TIM_OC4_SetConfig)
    i.TIM_TI1_ConfigInputStage               0x08002d8c   Section        0  stm32f1xx_hal_tim.o(i.TIM_TI1_ConfigInputStage)
    TIM_TI1_ConfigInputStage                 0x08002d8d   Thumb Code    34  stm32f1xx_hal_tim.o(i.TIM_TI1_ConfigInputStage)
    i.TIM_TI2_ConfigInputStage               0x08002dae   Section        0  stm32f1xx_hal_tim.o(i.TIM_TI2_ConfigInputStage)
    TIM_TI2_ConfigInputStage                 0x08002daf   Thumb Code    36  stm32f1xx_hal_tim.o(i.TIM_TI2_ConfigInputStage)
    i.UART_SetConfig                         0x08002dd4   Section        0  stm32f1xx_hal_uart.o(i.UART_SetConfig)
    UART_SetConfig                           0x08002dd5   Thumb Code   178  stm32f1xx_hal_uart.o(i.UART_SetConfig)
    i.UART_WaitOnFlagUntilTimeout            0x08002e8c   Section        0  stm32f1xx_hal_uart.o(i.UART_WaitOnFlagUntilTimeout)
    UART_WaitOnFlagUntilTimeout              0x08002e8d   Thumb Code   120  stm32f1xx_hal_uart.o(i.UART_WaitOnFlagUntilTimeout)
    i.UsageFault_Handler                     0x08002f04   Section        0  stm32f1xx_it.o(i.UsageFault_Handler)
    i.__0printf                              0x08002f08   Section        0  printfa.o(i.__0printf)
    i.__0vsprintf                            0x08002f28   Section        0  printfa.o(i.__0vsprintf)
    i.__NVIC_SetPriority                     0x08002f4c   Section        0  stm32f1xx_hal_cortex.o(i.__NVIC_SetPriority)
    __NVIC_SetPriority                       0x08002f4d   Thumb Code    32  stm32f1xx_hal_cortex.o(i.__NVIC_SetPriority)
    i.__scatterload_copy                     0x08002f6c   Section       14  handlers.o(i.__scatterload_copy)
    i.__scatterload_null                     0x08002f7a   Section        2  handlers.o(i.__scatterload_null)
    i.__scatterload_zeroinit                 0x08002f7c   Section       14  handlers.o(i.__scatterload_zeroinit)
    i._fp_digits                             0x08002f8c   Section        0  printfa.o(i._fp_digits)
    _fp_digits                               0x08002f8d   Thumb Code   366  printfa.o(i._fp_digits)
    i._printf_core                           0x08003110   Section        0  printfa.o(i._printf_core)
    _printf_core                             0x08003111   Thumb Code  1704  printfa.o(i._printf_core)
    i._printf_post_padding                   0x080037c4   Section        0  printfa.o(i._printf_post_padding)
    _printf_post_padding                     0x080037c5   Thumb Code    36  printfa.o(i._printf_post_padding)
    i._printf_pre_padding                    0x080037e8   Section        0  printfa.o(i._printf_pre_padding)
    _printf_pre_padding                      0x080037e9   Thumb Code    46  printfa.o(i._printf_pre_padding)
    i._sputc                                 0x08003816   Section        0  printfa.o(i._sputc)
    _sputc                                   0x08003817   Thumb Code    10  printfa.o(i._sputc)
    i.fputc                                  0x08003820   Section        0  main.o(i.fputc)
    i.free                                   0x08003838   Section        0  malloc.o(i.free)
    i.main                                   0x08003888   Section        0  main.o(i.main)
    i.malloc                                 0x08003a88   Section        0  malloc.o(i.malloc)
    i.quick_sort                             0x08003af4   Section        0  main.o(i.quick_sort)
    i.swap                                   0x08003b9c   Section        0  main.o(i.swap)
    .constdata                               0x08003ba6   Section       18  stm32f1xx_hal_rcc.o(.constdata)
    aPredivFactorTable                       0x08003ba6   Data           2  stm32f1xx_hal_rcc.o(.constdata)
    aPLLMULFactorTable                       0x08003ba8   Data          16  stm32f1xx_hal_rcc.o(.constdata)
    .constdata                               0x08003bb8   Section       18  stm32f1xx_hal_rcc_ex.o(.constdata)
    aPredivFactorTable                       0x08003bb8   Data           2  stm32f1xx_hal_rcc_ex.o(.constdata)
    aPLLMULFactorTable                       0x08003bba   Data          16  stm32f1xx_hal_rcc_ex.o(.constdata)
    .constdata                               0x08003bca   Section       16  system_stm32f1xx.o(.constdata)
    .constdata                               0x08003bda   Section        8  system_stm32f1xx.o(.constdata)
    .constdata                               0x08003be2   Section     3368  oled.o(.constdata)
    .data                                    0x20000000   Section        3  main.o(.data)
    .data                                    0x20000004   Section       12  stm32f1xx_hal.o(.data)
    .data                                    0x20000010   Section        4  system_stm32f1xx.o(.data)
    .data                                    0x20000014   Section      904  oled.o(.data)
    len                                      0x20000014   Data           2  oled.o(.data)
    ap                                       0x20000018   Data           4  oled.o(.data)
    .data                                    0x2000039c   Section        4  stdout.o(.data)
    .data                                    0x200003a0   Section        4  mvars.o(.data)
    .data                                    0x200003a4   Section        4  mvars.o(.data)
    .bss                                     0x200003a8   Section       40  main.o(.bss)
    .bss                                     0x200003d0   Section      116  adc.o(.bss)
    .bss                                     0x20000444   Section      144  tim.o(.bss)
    .bss                                     0x200004d4   Section       72  usart.o(.bss)
    .bss                                     0x2000051c   Section     1152  oled.o(.bss)
    oled_buf                                 0x2000051c   Data         128  oled.o(.bss)
    HEAP                                     0x200009a0   Section      512  startup_stm32f103xb.o(HEAP)
    STACK                                    0x20000ba0   Section     1024  startup_stm32f103xb.o(STACK)

    Global Symbols

    Symbol Name                              Value     Ov Type        Size  Object(Section)

    BuildAttributes$$THM_ISAv4$P$D$K$B$S$PE$A:L22UL41UL21$X:L11$S22US41US21$IEEE1$IW$USESV6$~STKCKD$USESV7$~SHL$OTIME$ROPI$IEEEX$EBA8$MICROLIB$REQ8$PRES8$EABIv2 0x00000000   Number         0  anon$$obj.o ABSOLUTE
    __ARM_use_no_argv                        0x00000000   Number         0  main.o ABSOLUTE
    _printf_a                                0x00000000   Number         0  stubs.o ABSOLUTE
    _printf_c                                0x00000000   Number         0  stubs.o ABSOLUTE
    _printf_charcount                        0x00000000   Number         0  stubs.o ABSOLUTE
    _printf_d                                0x00000000   Number         0  stubs.o ABSOLUTE
    _printf_e                                0x00000000   Number         0  stubs.o ABSOLUTE
    _printf_f                                0x00000000   Number         0  stubs.o ABSOLUTE
    _printf_flags                            0x00000000   Number         0  stubs.o ABSOLUTE
    _printf_fp_dec                           0x00000000   Number         0  stubs.o ABSOLUTE
    _printf_fp_hex                           0x00000000   Number         0  stubs.o ABSOLUTE
    _printf_g                                0x00000000   Number         0  stubs.o ABSOLUTE
    _printf_i                                0x00000000   Number         0  stubs.o ABSOLUTE
    _printf_int_dec                          0x00000000   Number         0  stubs.o ABSOLUTE
    _printf_l                                0x00000000   Number         0  stubs.o ABSOLUTE
    _printf_lc                               0x00000000   Number         0  stubs.o ABSOLUTE
    _printf_ll                               0x00000000   Number         0  stubs.o ABSOLUTE
    _printf_lld                              0x00000000   Number         0  stubs.o ABSOLUTE
    _printf_lli                              0x00000000   Number         0  stubs.o ABSOLUTE
    _printf_llo                              0x00000000   Number         0  stubs.o ABSOLUTE
    _printf_llu                              0x00000000   Number         0  stubs.o ABSOLUTE
    _printf_llx                              0x00000000   Number         0  stubs.o ABSOLUTE
    _printf_longlong_dec                     0x00000000   Number         0  stubs.o ABSOLUTE
    _printf_longlong_hex                     0x00000000   Number         0  stubs.o ABSOLUTE
    _printf_longlong_oct                     0x00000000   Number         0  stubs.o ABSOLUTE
    _printf_ls                               0x00000000   Number         0  stubs.o ABSOLUTE
    _printf_mbtowc                           0x00000000   Number         0  stubs.o ABSOLUTE
    _printf_n                                0x00000000   Number         0  stubs.o ABSOLUTE
    _printf_o                                0x00000000   Number         0  stubs.o ABSOLUTE
    _printf_p                                0x00000000   Number         0  stubs.o ABSOLUTE
    _printf_percent                          0x00000000   Number         0  stubs.o ABSOLUTE
    _printf_pre_padding                      0x00000000   Number         0  stubs.o ABSOLUTE
    _printf_return_value                     0x00000000   Number         0  stubs.o ABSOLUTE
    _printf_s                                0x00000000   Number         0  stubs.o ABSOLUTE
    _printf_sizespec                         0x00000000   Number         0  stubs.o ABSOLUTE
    _printf_str                              0x00000000   Number         0  stubs.o ABSOLUTE
    _printf_truncate_signed                  0x00000000   Number         0  stubs.o ABSOLUTE
    _printf_truncate_unsigned                0x00000000   Number         0  stubs.o ABSOLUTE
    _printf_u                                0x00000000   Number         0  stubs.o ABSOLUTE
    _printf_wc                               0x00000000   Number         0  stubs.o ABSOLUTE
    _printf_wctomb                           0x00000000   Number         0  stubs.o ABSOLUTE
    _printf_widthprec                        0x00000000   Number         0  stubs.o ABSOLUTE
    _printf_x                                0x00000000   Number         0  stubs.o ABSOLUTE
    __arm_fini_                               - Undefined Weak Reference
    __cpp_initialize__aeabi_                  - Undefined Weak Reference
    __cxa_finalize                            - Undefined Weak Reference
    _clock_init                               - Undefined Weak Reference
    _microlib_exit                            - Undefined Weak Reference
    __Vectors_Size                           0x000000ec   Number         0  startup_stm32f103xb.o ABSOLUTE
    __Vectors                                0x08000000   Data           4  startup_stm32f103xb.o(RESET)
    __Vectors_End                            0x080000ec   Data           0  startup_stm32f103xb.o(RESET)
    __main                                   0x080000ed   Thumb Code     0  entry.o(.ARM.Collect$$$$00000000)
    _main_stk                                0x080000ed   Thumb Code     0  entry2.o(.ARM.Collect$$$$00000001)
    _main_scatterload                        0x080000f1   Thumb Code     0  entry5.o(.ARM.Collect$$$$00000004)
    __main_after_scatterload                 0x080000f5   Thumb Code     0  entry5.o(.ARM.Collect$$$$00000004)
    _main_clock                              0x080000f5   Thumb Code     0  entry7b.o(.ARM.Collect$$$$00000008)
    _main_cpp_init                           0x080000f5   Thumb Code     0  entry8b.o(.ARM.Collect$$$$0000000A)
    _main_init                               0x080000f5   Thumb Code     0  entry9a.o(.ARM.Collect$$$$0000000B)
    __rt_lib_shutdown_fini                   0x080000fd   Thumb Code     0  entry12b.o(.ARM.Collect$$$$0000000E)
    __rt_final_cpp                           0x08000101   Thumb Code     0  entry10a.o(.ARM.Collect$$$$0000000F)
    __rt_final_exit                          0x08000101   Thumb Code     0  entry11a.o(.ARM.Collect$$$$00000011)
    Reset_Handler                            0x08000105   Thumb Code     8  startup_stm32f103xb.o(.text)
    ADC1_2_IRQHandler                        0x0800011f   Thumb Code     0  startup_stm32f103xb.o(.text)
    CAN1_RX1_IRQHandler                      0x0800011f   Thumb Code     0  startup_stm32f103xb.o(.text)
    CAN1_SCE_IRQHandler                      0x0800011f   Thumb Code     0  startup_stm32f103xb.o(.text)
    DMA1_Channel2_IRQHandler                 0x0800011f   Thumb Code     0  startup_stm32f103xb.o(.text)
    DMA1_Channel3_IRQHandler                 0x0800011f   Thumb Code     0  startup_stm32f103xb.o(.text)
    DMA1_Channel4_IRQHandler                 0x0800011f   Thumb Code     0  startup_stm32f103xb.o(.text)
    DMA1_Channel5_IRQHandler                 0x0800011f   Thumb Code     0  startup_stm32f103xb.o(.text)
    DMA1_Channel6_IRQHandler                 0x0800011f   Thumb Code     0  startup_stm32f103xb.o(.text)
    DMA1_Channel7_IRQHandler                 0x0800011f   Thumb Code     0  startup_stm32f103xb.o(.text)
    EXTI15_10_IRQHandler                     0x0800011f   Thumb Code     0  startup_stm32f103xb.o(.text)
    EXTI2_IRQHandler                         0x0800011f   Thumb Code     0  startup_stm32f103xb.o(.text)
    EXTI3_IRQHandler                         0x0800011f   Thumb Code     0  startup_stm32f103xb.o(.text)
    EXTI4_IRQHandler                         0x0800011f   Thumb Code     0  startup_stm32f103xb.o(.text)
    EXTI9_5_IRQHandler                       0x0800011f   Thumb Code     0  startup_stm32f103xb.o(.text)
    FLASH_IRQHandler                         0x0800011f   Thumb Code     0  startup_stm32f103xb.o(.text)
    I2C1_ER_IRQHandler                       0x0800011f   Thumb Code     0  startup_stm32f103xb.o(.text)
    I2C1_EV_IRQHandler                       0x0800011f   Thumb Code     0  startup_stm32f103xb.o(.text)
    I2C2_ER_IRQHandler                       0x0800011f   Thumb Code     0  startup_stm32f103xb.o(.text)
    I2C2_EV_IRQHandler                       0x0800011f   Thumb Code     0  startup_stm32f103xb.o(.text)
    PVD_IRQHandler                           0x0800011f   Thumb Code     0  startup_stm32f103xb.o(.text)
    RCC_IRQHandler                           0x0800011f   Thumb Code     0  startup_stm32f103xb.o(.text)
    RTC_Alarm_IRQHandler                     0x0800011f   Thumb Code     0  startup_stm32f103xb.o(.text)
    RTC_IRQHandler                           0x0800011f   Thumb Code     0  startup_stm32f103xb.o(.text)
    SPI1_IRQHandler                          0x0800011f   Thumb Code     0  startup_stm32f103xb.o(.text)
    SPI2_IRQHandler                          0x0800011f   Thumb Code     0  startup_stm32f103xb.o(.text)
    TAMPER_IRQHandler                        0x0800011f   Thumb Code     0  startup_stm32f103xb.o(.text)
    TIM1_BRK_IRQHandler                      0x0800011f   Thumb Code     0  startup_stm32f103xb.o(.text)
    TIM1_CC_IRQHandler                       0x0800011f   Thumb Code     0  startup_stm32f103xb.o(.text)
    TIM1_TRG_COM_IRQHandler                  0x0800011f   Thumb Code     0  startup_stm32f103xb.o(.text)
    TIM1_UP_IRQHandler                       0x0800011f   Thumb Code     0  startup_stm32f103xb.o(.text)
    TIM2_IRQHandler                          0x0800011f   Thumb Code     0  startup_stm32f103xb.o(.text)
    TIM3_IRQHandler                          0x0800011f   Thumb Code     0  startup_stm32f103xb.o(.text)
    TIM4_IRQHandler                          0x0800011f   Thumb Code     0  startup_stm32f103xb.o(.text)
    USART1_IRQHandler                        0x0800011f   Thumb Code     0  startup_stm32f103xb.o(.text)
    USART2_IRQHandler                        0x0800011f   Thumb Code     0  startup_stm32f103xb.o(.text)
    USART3_IRQHandler                        0x0800011f   Thumb Code     0  startup_stm32f103xb.o(.text)
    USBWakeUp_IRQHandler                     0x0800011f   Thumb Code     0  startup_stm32f103xb.o(.text)
    USB_HP_CAN1_TX_IRQHandler                0x0800011f   Thumb Code     0  startup_stm32f103xb.o(.text)
    USB_LP_CAN1_RX0_IRQHandler               0x0800011f   Thumb Code     0  startup_stm32f103xb.o(.text)
    WWDG_IRQHandler                          0x0800011f   Thumb Code     0  startup_stm32f103xb.o(.text)
    __aeabi_uldivmod                         0x08000129   Thumb Code    98  uldiv.o(.text)
    __aeabi_llsl                             0x0800018b   Thumb Code    30  llshl.o(.text)
    _ll_shift_l                              0x0800018b   Thumb Code     0  llshl.o(.text)
    __aeabi_llsr                             0x080001a9   Thumb Code    32  llushr.o(.text)
    _ll_ushift_r                             0x080001a9   Thumb Code     0  llushr.o(.text)
    __aeabi_lasr                             0x080001c9   Thumb Code    36  llsshr.o(.text)
    _ll_sshift_r                             0x080001c9   Thumb Code     0  llsshr.o(.text)
    __aeabi_memset                           0x080001ed   Thumb Code    14  memseta.o(.text)
    __aeabi_memset4                          0x080001ed   Thumb Code     0  memseta.o(.text)
    __aeabi_memset8                          0x080001ed   Thumb Code     0  memseta.o(.text)
    __aeabi_memclr                           0x080001fb   Thumb Code     4  memseta.o(.text)
    __aeabi_memclr4                          0x080001fb   Thumb Code     0  memseta.o(.text)
    __aeabi_memclr8                          0x080001fb   Thumb Code     0  memseta.o(.text)
    _memset$wrapper                          0x080001ff   Thumb Code    18  memseta.o(.text)
    __aeabi_fadd                             0x08000211   Thumb Code   164  fadd.o(.text)
    __aeabi_fsub                             0x080002b5   Thumb Code     6  fadd.o(.text)
    __aeabi_frsub                            0x080002bb   Thumb Code     6  fadd.o(.text)
    __aeabi_fmul                             0x080002c1   Thumb Code   100  fmul.o(.text)
    __aeabi_fdiv                             0x08000325   Thumb Code   124  fdiv.o(.text)
    __aeabi_dadd                             0x080003a1   Thumb Code   322  dadd.o(.text)
    __aeabi_dsub                             0x080004e3   Thumb Code     6  dadd.o(.text)
    __aeabi_drsub                            0x080004e9   Thumb Code     6  dadd.o(.text)
    __aeabi_dmul                             0x080004ef   Thumb Code   228  dmul.o(.text)
    __aeabi_ddiv                             0x080005d3   Thumb Code   222  ddiv.o(.text)
    __ARM_scalbn                             0x080006b1   Thumb Code    46  dscalb.o(.text)
    scalbn                                   0x080006b1   Thumb Code     0  dscalb.o(.text)
    __aeabi_i2f                              0x080006df   Thumb Code    18  fflti.o(.text)
    __aeabi_ui2f                             0x080006f1   Thumb Code    10  ffltui.o(.text)
    __aeabi_i2d                              0x080006fb   Thumb Code    34  dflti.o(.text)
    __aeabi_f2uiz                            0x0800071d   Thumb Code    40  ffixui.o(.text)
    __aeabi_f2d                              0x08000745   Thumb Code    38  f2d.o(.text)
    __aeabi_cdrcmple                         0x0800076d   Thumb Code    48  cdrcmple.o(.text)
    __aeabi_d2f                              0x0800079d   Thumb Code    56  d2f.o(.text)
    __aeabi_cfcmpeq                          0x080007d5   Thumb Code     0  cfcmple.o(.text)
    __aeabi_cfcmple                          0x080007d5   Thumb Code    20  cfcmple.o(.text)
    __aeabi_cfrcmple                         0x080007e9   Thumb Code    20  cfrcmple.o(.text)
    __aeabi_uidiv                            0x080007fd   Thumb Code     0  uidiv.o(.text)
    __aeabi_uidivmod                         0x080007fd   Thumb Code    44  uidiv.o(.text)
    __I$use$fp                               0x08000829   Thumb Code     0  iusefp.o(.text)
    _float_round                             0x08000829   Thumb Code    18  fepilogue.o(.text)
    _float_epilogue                          0x0800083b   Thumb Code    92  fepilogue.o(.text)
    _double_round                            0x08000897   Thumb Code    30  depilogue.o(.text)
    _double_epilogue                         0x080008b5   Thumb Code   156  depilogue.o(.text)
    __aeabi_d2ulz                            0x08000951   Thumb Code    48  dfixul.o(.text)
    __scatterload                            0x08000981   Thumb Code    28  init.o(.text)
    __scatterload_rt2                        0x08000981   Thumb Code     0  init.o(.text)
    __decompress                             0x080009a5   Thumb Code     0  __dczerorl2.o(.text)
    __decompress1                            0x080009a5   Thumb Code    86  __dczerorl2.o(.text)
    ADC_ConversionStop_Disable               0x080009fd   Thumb Code    86  stm32f1xx_hal_adc.o(i.ADC_ConversionStop_Disable)
    ADC_DMAConvCplt                          0x08000a53   Thumb Code    78  stm32f1xx_hal_adc.o(i.ADC_DMAConvCplt)
    ADC_DMAError                             0x08000aa1   Thumb Code    26  stm32f1xx_hal_adc.o(i.ADC_DMAError)
    ADC_DMAHalfConvCplt                      0x08000abb   Thumb Code    10  stm32f1xx_hal_adc.o(i.ADC_DMAHalfConvCplt)
    ADC_Enable                               0x08000ac5   Thumb Code   114  stm32f1xx_hal_adc.o(i.ADC_Enable)
    BusFault_Handler                         0x08000b41   Thumb Code     2  stm32f1xx_it.o(i.BusFault_Handler)
    DMA1_Channel1_IRQHandler                 0x08000b45   Thumb Code     6  stm32f1xx_it.o(i.DMA1_Channel1_IRQHandler)
    DebugMon_Handler                         0x08000b7b   Thumb Code     2  stm32f1xx_it.o(i.DebugMon_Handler)
    EXTI0_IRQHandler                         0x08000b7d   Thumb Code     6  stm32f1xx_it.o(i.EXTI0_IRQHandler)
    EXTI1_IRQHandler                         0x08000b83   Thumb Code     6  stm32f1xx_it.o(i.EXTI1_IRQHandler)
    Error_Handler                            0x08000b89   Thumb Code     4  main.o(i.Error_Handler)
    HAL_ADCEx_Calibration_Start              0x08000b8d   Thumb Code   210  stm32f1xx_hal_adc_ex.o(i.HAL_ADCEx_Calibration_Start)
    HAL_ADC_ConfigChannel                    0x08000c65   Thumb Code   240  stm32f1xx_hal_adc.o(i.HAL_ADC_ConfigChannel)
    HAL_ADC_ConvCpltCallback                 0x08000d61   Thumb Code     8  main.o(i.HAL_ADC_ConvCpltCallback)
    HAL_ADC_ConvHalfCpltCallback             0x08000d6d   Thumb Code     2  stm32f1xx_hal_adc.o(i.HAL_ADC_ConvHalfCpltCallback)
    HAL_ADC_ErrorCallback                    0x08000d6f   Thumb Code     2  stm32f1xx_hal_adc.o(i.HAL_ADC_ErrorCallback)
    HAL_ADC_Init                             0x08000d71   Thumb Code   272  stm32f1xx_hal_adc.o(i.HAL_ADC_Init)
    HAL_ADC_MspInit                          0x08000e8d   Thumb Code   122  adc.o(i.HAL_ADC_MspInit)
    HAL_ADC_Start_DMA                        0x08000f1d   Thumb Code   246  stm32f1xx_hal_adc.o(i.HAL_ADC_Start_DMA)
    HAL_DMA_IRQHandler                       0x08001029   Thumb Code   316  stm32f1xx_hal_dma.o(i.HAL_DMA_IRQHandler)
    HAL_DMA_Init                             0x0800117d   Thumb Code    84  stm32f1xx_hal_dma.o(i.HAL_DMA_Init)
    HAL_DMA_Start_IT                         0x080011d9   Thumb Code   112  stm32f1xx_hal_dma.o(i.HAL_DMA_Start_IT)
    HAL_Delay                                0x08001249   Thumb Code    32  stm32f1xx_hal.o(i.HAL_Delay)
    HAL_GPIO_EXTI_Callback                   0x0800126d   Thumb Code    60  main.o(i.HAL_GPIO_EXTI_Callback)
    HAL_GPIO_EXTI_IRQHandler                 0x080012b1   Thumb Code    18  stm32f1xx_hal_gpio.o(i.HAL_GPIO_EXTI_IRQHandler)
    HAL_GPIO_Init                            0x080012c9   Thumb Code   446  stm32f1xx_hal_gpio.o(i.HAL_GPIO_Init)
    HAL_GPIO_ReadPin                         0x080014a9   Thumb Code    10  stm32f1xx_hal_gpio.o(i.HAL_GPIO_ReadPin)
    HAL_GPIO_WritePin                        0x080014b3   Thumb Code    10  stm32f1xx_hal_gpio.o(i.HAL_GPIO_WritePin)
    HAL_GetTick                              0x080014bd   Thumb Code     6  stm32f1xx_hal.o(i.HAL_GetTick)
    HAL_IncTick                              0x080014c9   Thumb Code    12  stm32f1xx_hal.o(i.HAL_IncTick)
    HAL_Init                                 0x080014d9   Thumb Code    32  stm32f1xx_hal.o(i.HAL_Init)
    HAL_InitTick                             0x080014fd   Thumb Code    54  stm32f1xx_hal.o(i.HAL_InitTick)
    HAL_MspInit                              0x0800153d   Thumb Code    52  stm32f1xx_hal_msp.o(i.HAL_MspInit)
    HAL_NVIC_EnableIRQ                       0x08001579   Thumb Code    26  stm32f1xx_hal_cortex.o(i.HAL_NVIC_EnableIRQ)
    HAL_NVIC_SetPriority                     0x08001595   Thumb Code    60  stm32f1xx_hal_cortex.o(i.HAL_NVIC_SetPriority)
    HAL_NVIC_SetPriorityGrouping             0x080015d5   Thumb Code    26  stm32f1xx_hal_cortex.o(i.HAL_NVIC_SetPriorityGrouping)
    HAL_RCCEx_GetPeriphCLKFreq               0x080015f9   Thumb Code   148  stm32f1xx_hal_rcc_ex.o(i.HAL_RCCEx_GetPeriphCLKFreq)
    HAL_RCCEx_PeriphCLKConfig                0x0800169d   Thumb Code   224  stm32f1xx_hal_rcc_ex.o(i.HAL_RCCEx_PeriphCLKConfig)
    HAL_RCC_ClockConfig                      0x08001789   Thumb Code   280  stm32f1xx_hal_rcc.o(i.HAL_RCC_ClockConfig)
    HAL_RCC_GetPCLK1Freq                     0x080018b5   Thumb Code    20  stm32f1xx_hal_rcc.o(i.HAL_RCC_GetPCLK1Freq)
    HAL_RCC_GetPCLK2Freq                     0x080018d5   Thumb Code    20  stm32f1xx_hal_rcc.o(i.HAL_RCC_GetPCLK2Freq)
    HAL_RCC_GetSysClockFreq                  0x080018f5   Thumb Code    58  stm32f1xx_hal_rcc.o(i.HAL_RCC_GetSysClockFreq)
    HAL_RCC_OscConfig                        0x08001941   Thumb Code   778  stm32f1xx_hal_rcc.o(i.HAL_RCC_OscConfig)
    HAL_SYSTICK_Config                       0x08001c61   Thumb Code    40  stm32f1xx_hal_cortex.o(i.HAL_SYSTICK_Config)
    HAL_TIMEx_ConfigBreakDeadTime            0x08001c89   Thumb Code    84  stm32f1xx_hal_tim_ex.o(i.HAL_TIMEx_ConfigBreakDeadTime)
    HAL_TIMEx_MasterConfigSynchronization    0x08001cdd   Thumb Code    92  stm32f1xx_hal_tim_ex.o(i.HAL_TIMEx_MasterConfigSynchronization)
    HAL_TIM_Base_Init                        0x08001d45   Thumb Code    90  stm32f1xx_hal_tim.o(i.HAL_TIM_Base_Init)
    HAL_TIM_Base_MspInit                     0x08001da1   Thumb Code    30  tim.o(i.HAL_TIM_Base_MspInit)
    HAL_TIM_Base_Start                       0x08001dc5   Thumb Code    66  stm32f1xx_hal_tim.o(i.HAL_TIM_Base_Start)
    HAL_TIM_ConfigClockSource                0x08001e15   Thumb Code   220  stm32f1xx_hal_tim.o(i.HAL_TIM_ConfigClockSource)
    HAL_TIM_MspPostInit                      0x08001ef1   Thumb Code   120  tim.o(i.HAL_TIM_MspPostInit)
    HAL_TIM_OC_ConfigChannel                 0x08001f7d   Thumb Code    82  stm32f1xx_hal_tim.o(i.HAL_TIM_OC_ConfigChannel)
    HAL_TIM_OC_Init                          0x08001fcf   Thumb Code    90  stm32f1xx_hal_tim.o(i.HAL_TIM_OC_Init)
    HAL_TIM_OC_MspInit                       0x08002029   Thumb Code     2  stm32f1xx_hal_tim.o(i.HAL_TIM_OC_MspInit)
    HAL_TIM_OC_Start                         0x0800202d   Thumb Code   144  stm32f1xx_hal_tim.o(i.HAL_TIM_OC_Start)
    HAL_TIM_PWM_ConfigChannel                0x080020c9   Thumb Code   204  stm32f1xx_hal_tim.o(i.HAL_TIM_PWM_ConfigChannel)
    HAL_TIM_PWM_Init                         0x08002195   Thumb Code    90  stm32f1xx_hal_tim.o(i.HAL_TIM_PWM_Init)
    HAL_TIM_PWM_MspInit                      0x080021f1   Thumb Code    30  tim.o(i.HAL_TIM_PWM_MspInit)
    HAL_TIM_PWM_Start                        0x08002219   Thumb Code   144  stm32f1xx_hal_tim.o(i.HAL_TIM_PWM_Start)
    HAL_UART_Init                            0x080022b5   Thumb Code   100  stm32f1xx_hal_uart.o(i.HAL_UART_Init)
    HAL_UART_MspInit                         0x08002319   Thumb Code   100  usart.o(i.HAL_UART_MspInit)
    HAL_UART_Transmit                        0x08002389   Thumb Code   154  stm32f1xx_hal_uart.o(i.HAL_UART_Transmit)
    HardFault_Handler                        0x08002423   Thumb Code     2  stm32f1xx_it.o(i.HardFault_Handler)
    MX_ADC1_Init                             0x08002425   Thumb Code    70  adc.o(i.MX_ADC1_Init)
    MX_DMA_Init                              0x08002475   Thumb Code    40  dma.o(i.MX_DMA_Init)
    MX_GPIO_Init                             0x080024a1   Thumb Code   192  gpio.o(i.MX_GPIO_Init)
    MX_TIM1_Init                             0x08002571   Thumb Code   156  tim.o(i.MX_TIM1_Init)
    MX_TIM2_Init                             0x08002615   Thumb Code   150  tim.o(i.MX_TIM2_Init)
    MX_USART1_UART_Init                      0x080026b1   Thumb Code    48  usart.o(i.MX_USART1_UART_Init)
    MemManage_Handler                        0x080026e9   Thumb Code     2  stm32f1xx_it.o(i.MemManage_Handler)
    NMI_Handler                              0x080026eb   Thumb Code     2  stm32f1xx_it.o(i.NMI_Handler)
    OLED_Clear                               0x080026ed   Thumb Code    72  oled.o(i.OLED_Clear)
    OLED_Display_On                          0x08002739   Thumb Code    30  oled.o(i.OLED_Display_On)
    OLED_DrawPoint                           0x08002759   Thumb Code    48  oled.o(i.OLED_DrawPoint)
    OLED_IIC_Start                           0x0800278d   Thumb Code    52  oled.o(i.OLED_IIC_Start)
    OLED_IIC_Stop                            0x080027c5   Thumb Code    40  oled.o(i.OLED_IIC_Stop)
    OLED_IIC_Wait_Ack                        0x080027f1   Thumb Code    30  oled.o(i.OLED_IIC_Wait_Ack)
    OLED_Init                                0x08002815   Thumb Code   238  oled.o(i.OLED_Init)
    OLED_Refresh_Gram                        0x08002905   Thumb Code    46  oled.o(i.OLED_Refresh_Gram)
    OLED_Set_Pos                             0x08002939   Thumb Code    42  oled.o(i.OLED_Set_Pos)
    OLED_ShowCharG4                          0x08002965   Thumb Code   112  oled.o(i.OLED_ShowCharG4)
    OLED_ShowStringG4                        0x080029d9   Thumb Code    54  oled.o(i.OLED_ShowStringG4)
    OLED_WR_Byte                             0x08002a0f   Thumb Code    12  oled.o(i.OLED_WR_Byte)
    OLED_Write_IIC_Byte                      0x08002a1d   Thumb Code    86  oled.o(i.OLED_Write_IIC_Byte)
    OLED_Write_IIC_Command                   0x08002a79   Thumb Code    46  oled.o(i.OLED_Write_IIC_Command)
    OLED_Write_IIC_Data                      0x08002aa7   Thumb Code    46  oled.o(i.OLED_Write_IIC_Data)
    OLED_printf                              0x08002ad5   Thumb Code    58  oled.o(i.OLED_printf)
    PendSV_Handler                           0x08002b19   Thumb Code     2  stm32f1xx_it.o(i.PendSV_Handler)
    SVC_Handler                              0x08002b1b   Thumb Code     2  stm32f1xx_it.o(i.SVC_Handler)
    SysTick_Handler                          0x08002b1d   Thumb Code     4  stm32f1xx_it.o(i.SysTick_Handler)
    SystemClock_Config                       0x08002b21   Thumb Code   120  main.o(i.SystemClock_Config)
    SystemInit                               0x08002b99   Thumb Code     2  system_stm32f1xx.o(i.SystemInit)
    TIM_Base_SetConfig                       0x08002b9d   Thumb Code    94  stm32f1xx_hal_tim.o(i.TIM_Base_SetConfig)
    TIM_CCxChannelCmd                        0x08002c09   Thumb Code    26  stm32f1xx_hal_tim.o(i.TIM_CCxChannelCmd)
    TIM_ETR_SetConfig                        0x08002c23   Thumb Code    20  stm32f1xx_hal_tim.o(i.TIM_ETR_SetConfig)
    TIM_OC2_SetConfig                        0x08002c99   Thumb Code    84  stm32f1xx_hal_tim.o(i.TIM_OC2_SetConfig)
    UsageFault_Handler                       0x08002f05   Thumb Code     2  stm32f1xx_it.o(i.UsageFault_Handler)
    __0printf                                0x08002f09   Thumb Code    22  printfa.o(i.__0printf)
    __1printf                                0x08002f09   Thumb Code     0  printfa.o(i.__0printf)
    __2printf                                0x08002f09   Thumb Code     0  printfa.o(i.__0printf)
    __c89printf                              0x08002f09   Thumb Code     0  printfa.o(i.__0printf)
    printf                                   0x08002f09   Thumb Code     0  printfa.o(i.__0printf)
    __0vsprintf                              0x08002f29   Thumb Code    30  printfa.o(i.__0vsprintf)
    __1vsprintf                              0x08002f29   Thumb Code     0  printfa.o(i.__0vsprintf)
    __2vsprintf                              0x08002f29   Thumb Code     0  printfa.o(i.__0vsprintf)
    __c89vsprintf                            0x08002f29   Thumb Code     0  printfa.o(i.__0vsprintf)
    vsprintf                                 0x08002f29   Thumb Code     0  printfa.o(i.__0vsprintf)
    __scatterload_copy                       0x08002f6d   Thumb Code    14  handlers.o(i.__scatterload_copy)
    __scatterload_null                       0x08002f7b   Thumb Code     2  handlers.o(i.__scatterload_null)
    __scatterload_zeroinit                   0x08002f7d   Thumb Code    14  handlers.o(i.__scatterload_zeroinit)
    fputc                                    0x08003821   Thumb Code    20  main.o(i.fputc)
    free                                     0x08003839   Thumb Code    76  malloc.o(i.free)
    main                                     0x08003889   Thumb Code   416  main.o(i.main)
    malloc                                   0x08003a89   Thumb Code    92  malloc.o(i.malloc)
    quick_sort                               0x08003af5   Thumb Code   168  main.o(i.quick_sort)
    swap                                     0x08003b9d   Thumb Code    10  main.o(i.swap)
    AHBPrescTable                            0x08003bca   Data          16  system_stm32f1xx.o(.constdata)
    APBPrescTable                            0x08003bda   Data           8  system_stm32f1xx.o(.constdata)
    F6x8                                     0x08003be2   Data         552  oled.o(.constdata)
    F8X16                                    0x08003e0a   Data        1520  oled.o(.constdata)
    ascii_1206                               0x080043fa   Data        1296  oled.o(.constdata)
    Region$$Table$$Base                      0x0800490c   Number         0  anon$$obj.o(Region$$Table)
    Region$$Table$$Limit                     0x0800492c   Number         0  anon$$obj.o(Region$$Table)
    flag1                                    0x20000000   Data           1  main.o(.data)
    t_up                                     0x20000001   Data           1  main.o(.data)
    t_down                                   0x20000002   Data           1  main.o(.data)
    uwTickFreq                               0x20000004   Data           1  stm32f1xx_hal.o(.data)
    uwTickPrio                               0x20000008   Data           4  stm32f1xx_hal.o(.data)
    uwTick                                   0x2000000c   Data           4  stm32f1xx_hal.o(.data)
    SystemCoreClock                          0x20000010   Data           4  system_stm32f1xx.o(.data)
    Hzk                                      0x2000001c   Data         896  oled.o(.data)
    __stdout                                 0x2000039c   Data           4  stdout.o(.data)
    __microlib_freelist                      0x200003a0   Data           4  mvars.o(.data)
    __microlib_freelist_initialised          0x200003a4   Data           4  mvars.o(.data)
    temp                                     0x200003a8   Data          40  main.o(.bss)
    hadc1                                    0x200003d0   Data          48  adc.o(.bss)
    hdma_adc1                                0x20000400   Data          68  adc.o(.bss)
    htim1                                    0x20000444   Data          72  tim.o(.bss)
    htim2                                    0x2000048c   Data          72  tim.o(.bss)
    huart1                                   0x200004d4   Data          72  usart.o(.bss)
    OLED_GRAM                                0x2000059c   Data        1024  oled.o(.bss)
    __heap_base                              0x200009a0   Data           0  startup_stm32f103xb.o(HEAP)
    __heap_limit                             0x20000ba0   Data           0  startup_stm32f103xb.o(HEAP)
    __initial_sp                             0x20000fa0   Data           0  startup_stm32f103xb.o(STACK)



==============================================================================

Memory Map of the image

  Image Entry point : 0x080000ed

  Load Region LR_IROM1 (Base: 0x08000000, Size: 0x00004cd4, Max: 0x00010000, ABSOLUTE, COMPRESSED[0x00004aa0])

    Execution Region ER_IROM1 (Exec base: 0x08000000, Load base: 0x08000000, Size: 0x0000492c, Max: 0x00010000, ABSOLUTE)

    Exec Addr    Load Addr    Size         Type   Attr      Idx    E Section Name        Object

    0x08000000   0x08000000   0x000000ec   Data   RO            3    RESET               startup_stm32f103xb.o
    0x080000ec   0x080000ec   0x00000000   Code   RO         9170  * .ARM.Collect$$$$00000000  mc_w.l(entry.o)
    0x080000ec   0x080000ec   0x00000004   Code   RO         9559    .ARM.Collect$$$$00000001  mc_w.l(entry2.o)
    0x080000f0   0x080000f0   0x00000004   Code   RO         9562    .ARM.Collect$$$$00000004  mc_w.l(entry5.o)
    0x080000f4   0x080000f4   0x00000000   Code   RO         9564    .ARM.Collect$$$$00000008  mc_w.l(entry7b.o)
    0x080000f4   0x080000f4   0x00000000   Code   RO         9566    .ARM.Collect$$$$0000000A  mc_w.l(entry8b.o)
    0x080000f4   0x080000f4   0x00000008   Code   RO         9567    .ARM.Collect$$$$0000000B  mc_w.l(entry9a.o)
    0x080000fc   0x080000fc   0x00000004   Code   RO         9574    .ARM.Collect$$$$0000000E  mc_w.l(entry12b.o)
    0x08000100   0x08000100   0x00000000   Code   RO         9569    .ARM.Collect$$$$0000000F  mc_w.l(entry10a.o)
    0x08000100   0x08000100   0x00000000   Code   RO         9571    .ARM.Collect$$$$00000011  mc_w.l(entry11a.o)
    0x08000100   0x08000100   0x00000004   Code   RO         9560    .ARM.Collect$$$$00002712  mc_w.l(entry2.o)
    0x08000104   0x08000104   0x00000024   Code   RO            4    .text               startup_stm32f103xb.o
    0x08000128   0x08000128   0x00000062   Code   RO         9173    .text               mc_w.l(uldiv.o)
    0x0800018a   0x0800018a   0x0000001e   Code   RO         9177    .text               mc_w.l(llshl.o)
    0x080001a8   0x080001a8   0x00000020   Code   RO         9179    .text               mc_w.l(llushr.o)
    0x080001c8   0x080001c8   0x00000024   Code   RO         9181    .text               mc_w.l(llsshr.o)
    0x080001ec   0x080001ec   0x00000024   Code   RO         9185    .text               mc_w.l(memseta.o)
    0x08000210   0x08000210   0x000000b0   Code   RO         9478    .text               mf_w.l(fadd.o)
    0x080002c0   0x080002c0   0x00000064   Code   RO         9480    .text               mf_w.l(fmul.o)
    0x08000324   0x08000324   0x0000007c   Code   RO         9482    .text               mf_w.l(fdiv.o)
    0x080003a0   0x080003a0   0x0000014e   Code   RO         9486    .text               mf_w.l(dadd.o)
    0x080004ee   0x080004ee   0x000000e4   Code   RO         9488    .text               mf_w.l(dmul.o)
    0x080005d2   0x080005d2   0x000000de   Code   RO         9490    .text               mf_w.l(ddiv.o)
    0x080006b0   0x080006b0   0x0000002e   Code   RO         9492    .text               mf_w.l(dscalb.o)
    0x080006de   0x080006de   0x00000012   Code   RO         9494    .text               mf_w.l(fflti.o)
    0x080006f0   0x080006f0   0x0000000a   Code   RO         9496    .text               mf_w.l(ffltui.o)
    0x080006fa   0x080006fa   0x00000022   Code   RO         9498    .text               mf_w.l(dflti.o)
    0x0800071c   0x0800071c   0x00000028   Code   RO         9504    .text               mf_w.l(ffixui.o)
    0x08000744   0x08000744   0x00000026   Code   RO         9512    .text               mf_w.l(f2d.o)
    0x0800076a   0x0800076a   0x00000002   PAD
    0x0800076c   0x0800076c   0x00000030   Code   RO         9516    .text               mf_w.l(cdrcmple.o)
    0x0800079c   0x0800079c   0x00000038   Code   RO         9518    .text               mf_w.l(d2f.o)
    0x080007d4   0x080007d4   0x00000014   Code   RO         9520    .text               mf_w.l(cfcmple.o)
    0x080007e8   0x080007e8   0x00000014   Code   RO         9522    .text               mf_w.l(cfrcmple.o)
    0x080007fc   0x080007fc   0x0000002c   Code   RO         9576    .text               mc_w.l(uidiv.o)
    0x08000828   0x08000828   0x00000000   Code   RO         9587    .text               mc_w.l(iusefp.o)
    0x08000828   0x08000828   0x0000006e   Code   RO         9588    .text               mf_w.l(fepilogue.o)
    0x08000896   0x08000896   0x000000ba   Code   RO         9594    .text               mf_w.l(depilogue.o)
    0x08000950   0x08000950   0x00000030   Code   RO         9598    .text               mf_w.l(dfixul.o)
    0x08000980   0x08000980   0x00000024   Code   RO         9604    .text               mc_w.l(init.o)
    0x080009a4   0x080009a4   0x00000056   Code   RO         9614    .text               mc_w.l(__dczerorl2.o)
    0x080009fa   0x080009fa   0x00000002   PAD
    0x080009fc   0x080009fc   0x00000056   Code   RO          572    i.ADC_ConversionStop_Disable  stm32f1xx_hal_adc.o
    0x08000a52   0x08000a52   0x0000004e   Code   RO          573    i.ADC_DMAConvCplt   stm32f1xx_hal_adc.o
    0x08000aa0   0x08000aa0   0x0000001a   Code   RO          574    i.ADC_DMAError      stm32f1xx_hal_adc.o
    0x08000aba   0x08000aba   0x0000000a   Code   RO          575    i.ADC_DMAHalfConvCplt  stm32f1xx_hal_adc.o
    0x08000ac4   0x08000ac4   0x0000007c   Code   RO          576    i.ADC_Enable        stm32f1xx_hal_adc.o
    0x08000b40   0x08000b40   0x00000002   Code   RO          418    i.BusFault_Handler  stm32f1xx_it.o
    0x08000b42   0x08000b42   0x00000002   PAD
    0x08000b44   0x08000b44   0x0000000c   Code   RO          419    i.DMA1_Channel1_IRQHandler  stm32f1xx_it.o
    0x08000b50   0x08000b50   0x0000002a   Code   RO         1228    i.DMA_SetConfig     stm32f1xx_hal_dma.o
    0x08000b7a   0x08000b7a   0x00000002   Code   RO          420    i.DebugMon_Handler  stm32f1xx_it.o
    0x08000b7c   0x08000b7c   0x00000006   Code   RO          421    i.EXTI0_IRQHandler  stm32f1xx_it.o
    0x08000b82   0x08000b82   0x00000006   Code   RO          422    i.EXTI1_IRQHandler  stm32f1xx_it.o
    0x08000b88   0x08000b88   0x00000004   Code   RO           13    i.Error_Handler     main.o
    0x08000b8c   0x08000b8c   0x000000d8   Code   RO          752    i.HAL_ADCEx_Calibration_Start  stm32f1xx_hal_adc_ex.o
    0x08000c64   0x08000c64   0x000000fc   Code   RO          578    i.HAL_ADC_ConfigChannel  stm32f1xx_hal_adc.o
    0x08000d60   0x08000d60   0x0000000c   Code   RO           14    i.HAL_ADC_ConvCpltCallback  main.o
    0x08000d6c   0x08000d6c   0x00000002   Code   RO          580    i.HAL_ADC_ConvHalfCpltCallback  stm32f1xx_hal_adc.o
    0x08000d6e   0x08000d6e   0x00000002   Code   RO          582    i.HAL_ADC_ErrorCallback  stm32f1xx_hal_adc.o
    0x08000d70   0x08000d70   0x0000011c   Code   RO          587    i.HAL_ADC_Init      stm32f1xx_hal_adc.o
    0x08000e8c   0x08000e8c   0x00000090   Code   RO          245    i.HAL_ADC_MspInit   adc.o
    0x08000f1c   0x08000f1c   0x0000010c   Code   RO          594    i.HAL_ADC_Start_DMA  stm32f1xx_hal_adc.o
    0x08001028   0x08001028   0x00000154   Code   RO         1234    i.HAL_DMA_IRQHandler  stm32f1xx_hal_dma.o
    0x0800117c   0x0800117c   0x0000005c   Code   RO         1235    i.HAL_DMA_Init      stm32f1xx_hal_dma.o
    0x080011d8   0x080011d8   0x00000070   Code   RO         1239    i.HAL_DMA_Start_IT  stm32f1xx_hal_dma.o
    0x08001248   0x08001248   0x00000024   Code   RO          855    i.HAL_Delay         stm32f1xx_hal.o
    0x0800126c   0x0800126c   0x00000044   Code   RO           15    i.HAL_GPIO_EXTI_Callback  main.o
    0x080012b0   0x080012b0   0x00000018   Code   RO         1164    i.HAL_GPIO_EXTI_IRQHandler  stm32f1xx_hal_gpio.o
    0x080012c8   0x080012c8   0x000001e0   Code   RO         1165    i.HAL_GPIO_Init     stm32f1xx_hal_gpio.o
    0x080014a8   0x080014a8   0x0000000a   Code   RO         1167    i.HAL_GPIO_ReadPin  stm32f1xx_hal_gpio.o
    0x080014b2   0x080014b2   0x0000000a   Code   RO         1169    i.HAL_GPIO_WritePin  stm32f1xx_hal_gpio.o
    0x080014bc   0x080014bc   0x0000000c   Code   RO          859    i.HAL_GetTick       stm32f1xx_hal.o
    0x080014c8   0x080014c8   0x00000010   Code   RO          865    i.HAL_IncTick       stm32f1xx_hal.o
    0x080014d8   0x080014d8   0x00000024   Code   RO          866    i.HAL_Init          stm32f1xx_hal.o
    0x080014fc   0x080014fc   0x00000040   Code   RO          867    i.HAL_InitTick      stm32f1xx_hal.o
    0x0800153c   0x0800153c   0x0000003c   Code   RO          512    i.HAL_MspInit       stm32f1xx_hal_msp.o
    0x08001578   0x08001578   0x0000001a   Code   RO         1325    i.HAL_NVIC_EnableIRQ  stm32f1xx_hal_cortex.o
    0x08001592   0x08001592   0x00000002   PAD
    0x08001594   0x08001594   0x00000040   Code   RO         1331    i.HAL_NVIC_SetPriority  stm32f1xx_hal_cortex.o
    0x080015d4   0x080015d4   0x00000024   Code   RO         1332    i.HAL_NVIC_SetPriorityGrouping  stm32f1xx_hal_cortex.o
    0x080015f8   0x080015f8   0x000000a4   Code   RO         1126    i.HAL_RCCEx_GetPeriphCLKFreq  stm32f1xx_hal_rcc_ex.o
    0x0800169c   0x0800169c   0x000000ec   Code   RO         1127    i.HAL_RCCEx_PeriphCLKConfig  stm32f1xx_hal_rcc_ex.o
    0x08001788   0x08001788   0x0000012c   Code   RO         1023    i.HAL_RCC_ClockConfig  stm32f1xx_hal_rcc.o
    0x080018b4   0x080018b4   0x00000020   Code   RO         1030    i.HAL_RCC_GetPCLK1Freq  stm32f1xx_hal_rcc.o
    0x080018d4   0x080018d4   0x00000020   Code   RO         1031    i.HAL_RCC_GetPCLK2Freq  stm32f1xx_hal_rcc.o
    0x080018f4   0x080018f4   0x0000004c   Code   RO         1032    i.HAL_RCC_GetSysClockFreq  stm32f1xx_hal_rcc.o
    0x08001940   0x08001940   0x00000320   Code   RO         1035    i.HAL_RCC_OscConfig  stm32f1xx_hal_rcc.o
    0x08001c60   0x08001c60   0x00000028   Code   RO         1336    i.HAL_SYSTICK_Config  stm32f1xx_hal_cortex.o
    0x08001c88   0x08001c88   0x00000054   Code   RO         2534    i.HAL_TIMEx_ConfigBreakDeadTime  stm32f1xx_hal_tim_ex.o
    0x08001cdc   0x08001cdc   0x00000068   Code   RO         2550    i.HAL_TIMEx_MasterConfigSynchronization  stm32f1xx_hal_tim_ex.o
    0x08001d44   0x08001d44   0x0000005a   Code   RO         1827    i.HAL_TIM_Base_Init  stm32f1xx_hal_tim.o
    0x08001d9e   0x08001d9e   0x00000002   PAD
    0x08001da0   0x08001da0   0x00000024   Code   RO          311    i.HAL_TIM_Base_MspInit  tim.o
    0x08001dc4   0x08001dc4   0x00000050   Code   RO         1830    i.HAL_TIM_Base_Start  stm32f1xx_hal_tim.o
    0x08001e14   0x08001e14   0x000000dc   Code   RO         1836    i.HAL_TIM_ConfigClockSource  stm32f1xx_hal_tim.o
    0x08001ef0   0x08001ef0   0x0000008c   Code   RO          312    i.HAL_TIM_MspPostInit  tim.o
    0x08001f7c   0x08001f7c   0x00000052   Code   RO         1876    i.HAL_TIM_OC_ConfigChannel  stm32f1xx_hal_tim.o
    0x08001fce   0x08001fce   0x0000005a   Code   RO         1880    i.HAL_TIM_OC_Init   stm32f1xx_hal_tim.o
    0x08002028   0x08002028   0x00000002   Code   RO         1882    i.HAL_TIM_OC_MspInit  stm32f1xx_hal_tim.o
    0x0800202a   0x0800202a   0x00000002   PAD
    0x0800202c   0x0800202c   0x0000009c   Code   RO         1883    i.HAL_TIM_OC_Start  stm32f1xx_hal_tim.o
    0x080020c8   0x080020c8   0x000000cc   Code   RO         1899    i.HAL_TIM_PWM_ConfigChannel  stm32f1xx_hal_tim.o
    0x08002194   0x08002194   0x0000005a   Code   RO         1902    i.HAL_TIM_PWM_Init  stm32f1xx_hal_tim.o
    0x080021ee   0x080021ee   0x00000002   PAD
    0x080021f0   0x080021f0   0x00000028   Code   RO          314    i.HAL_TIM_PWM_MspInit  tim.o
    0x08002218   0x08002218   0x0000009c   Code   RO         1907    i.HAL_TIM_PWM_Start  stm32f1xx_hal_tim.o
    0x080022b4   0x080022b4   0x00000064   Code   RO         2828    i.HAL_UART_Init     stm32f1xx_hal_uart.o
    0x08002318   0x08002318   0x00000070   Code   RO          377    i.HAL_UART_MspInit  usart.o
    0x08002388   0x08002388   0x0000009a   Code   RO         2836    i.HAL_UART_Transmit  stm32f1xx_hal_uart.o
    0x08002422   0x08002422   0x00000002   Code   RO          423    i.HardFault_Handler  stm32f1xx_it.o
    0x08002424   0x08002424   0x00000050   Code   RO          246    i.MX_ADC1_Init      adc.o
    0x08002474   0x08002474   0x0000002c   Code   RO          286    i.MX_DMA_Init       dma.o
    0x080024a0   0x080024a0   0x000000d0   Code   RO          220    i.MX_GPIO_Init      gpio.o
    0x08002570   0x08002570   0x000000a4   Code   RO          315    i.MX_TIM1_Init      tim.o
    0x08002614   0x08002614   0x0000009c   Code   RO          316    i.MX_TIM2_Init      tim.o
    0x080026b0   0x080026b0   0x00000038   Code   RO          378    i.MX_USART1_UART_Init  usart.o
    0x080026e8   0x080026e8   0x00000002   Code   RO          424    i.MemManage_Handler  stm32f1xx_it.o
    0x080026ea   0x080026ea   0x00000002   Code   RO          425    i.NMI_Handler       stm32f1xx_it.o
    0x080026ec   0x080026ec   0x0000004c   Code   RO         3201    i.OLED_Clear        oled.o
    0x08002738   0x08002738   0x0000001e   Code   RO         3203    i.OLED_Display_On   oled.o
    0x08002756   0x08002756   0x00000002   PAD
    0x08002758   0x08002758   0x00000034   Code   RO         3205    i.OLED_DrawPoint    oled.o
    0x0800278c   0x0800278c   0x00000038   Code   RO         3208    i.OLED_IIC_Start    oled.o
    0x080027c4   0x080027c4   0x0000002c   Code   RO         3209    i.OLED_IIC_Stop     oled.o
    0x080027f0   0x080027f0   0x00000024   Code   RO         3210    i.OLED_IIC_Wait_Ack  oled.o
    0x08002814   0x08002814   0x000000ee   Code   RO         3211    i.OLED_Init         oled.o
    0x08002902   0x08002902   0x00000002   PAD
    0x08002904   0x08002904   0x00000034   Code   RO         3218    i.OLED_Refresh_Gram  oled.o
    0x08002938   0x08002938   0x0000002a   Code   RO         3219    i.OLED_Set_Pos      oled.o
    0x08002962   0x08002962   0x00000002   PAD
    0x08002964   0x08002964   0x00000074   Code   RO         3222    i.OLED_ShowCharG4   oled.o
    0x080029d8   0x080029d8   0x00000036   Code   RO         3225    i.OLED_ShowStringG4  oled.o
    0x08002a0e   0x08002a0e   0x0000000c   Code   RO         3226    i.OLED_WR_Byte      oled.o
    0x08002a1a   0x08002a1a   0x00000002   PAD
    0x08002a1c   0x08002a1c   0x0000005c   Code   RO         3227    i.OLED_Write_IIC_Byte  oled.o
    0x08002a78   0x08002a78   0x0000002e   Code   RO         3228    i.OLED_Write_IIC_Command  oled.o
    0x08002aa6   0x08002aa6   0x0000002e   Code   RO         3229    i.OLED_Write_IIC_Data  oled.o
    0x08002ad4   0x08002ad4   0x00000044   Code   RO         3231    i.OLED_printf       oled.o
    0x08002b18   0x08002b18   0x00000002   Code   RO          426    i.PendSV_Handler    stm32f1xx_it.o
    0x08002b1a   0x08002b1a   0x00000002   Code   RO          427    i.SVC_Handler       stm32f1xx_it.o
    0x08002b1c   0x08002b1c   0x00000004   Code   RO          428    i.SysTick_Handler   stm32f1xx_it.o
    0x08002b20   0x08002b20   0x00000078   Code   RO           16    i.SystemClock_Config  main.o
    0x08002b98   0x08002b98   0x00000002   Code   RO         3162    i.SystemInit        system_stm32f1xx.o
    0x08002b9a   0x08002b9a   0x00000002   PAD
    0x08002b9c   0x08002b9c   0x0000006c   Code   RO         1920    i.TIM_Base_SetConfig  stm32f1xx_hal_tim.o
    0x08002c08   0x08002c08   0x0000001a   Code   RO         1921    i.TIM_CCxChannelCmd  stm32f1xx_hal_tim.o
    0x08002c22   0x08002c22   0x00000014   Code   RO         1931    i.TIM_ETR_SetConfig  stm32f1xx_hal_tim.o
    0x08002c36   0x08002c36   0x00000010   Code   RO         1932    i.TIM_ITRx_SetConfig  stm32f1xx_hal_tim.o
    0x08002c46   0x08002c46   0x00000002   PAD
    0x08002c48   0x08002c48   0x00000050   Code   RO         1933    i.TIM_OC1_SetConfig  stm32f1xx_hal_tim.o
    0x08002c98   0x08002c98   0x00000058   Code   RO         1934    i.TIM_OC2_SetConfig  stm32f1xx_hal_tim.o
    0x08002cf0   0x08002cf0   0x00000058   Code   RO         1935    i.TIM_OC3_SetConfig  stm32f1xx_hal_tim.o
    0x08002d48   0x08002d48   0x00000044   Code   RO         1936    i.TIM_OC4_SetConfig  stm32f1xx_hal_tim.o
    0x08002d8c   0x08002d8c   0x00000022   Code   RO         1938    i.TIM_TI1_ConfigInputStage  stm32f1xx_hal_tim.o
    0x08002dae   0x08002dae   0x00000024   Code   RO         1940    i.TIM_TI2_ConfigInputStage  stm32f1xx_hal_tim.o
    0x08002dd2   0x08002dd2   0x00000002   PAD
    0x08002dd4   0x08002dd4   0x000000b8   Code   RO         2854    i.UART_SetConfig    stm32f1xx_hal_uart.o
    0x08002e8c   0x08002e8c   0x00000078   Code   RO         2857    i.UART_WaitOnFlagUntilTimeout  stm32f1xx_hal_uart.o
    0x08002f04   0x08002f04   0x00000002   Code   RO          429    i.UsageFault_Handler  stm32f1xx_it.o
    0x08002f06   0x08002f06   0x00000002   PAD
    0x08002f08   0x08002f08   0x00000020   Code   RO         9422    i.__0printf         mc_w.l(printfa.o)
    0x08002f28   0x08002f28   0x00000024   Code   RO         9428    i.__0vsprintf       mc_w.l(printfa.o)
    0x08002f4c   0x08002f4c   0x00000020   Code   RO         1338    i.__NVIC_SetPriority  stm32f1xx_hal_cortex.o
    0x08002f6c   0x08002f6c   0x0000000e   Code   RO         9608    i.__scatterload_copy  mc_w.l(handlers.o)
    0x08002f7a   0x08002f7a   0x00000002   Code   RO         9609    i.__scatterload_null  mc_w.l(handlers.o)
    0x08002f7c   0x08002f7c   0x0000000e   Code   RO         9610    i.__scatterload_zeroinit  mc_w.l(handlers.o)
    0x08002f8a   0x08002f8a   0x00000002   PAD
    0x08002f8c   0x08002f8c   0x00000184   Code   RO         9429    i._fp_digits        mc_w.l(printfa.o)
    0x08003110   0x08003110   0x000006b4   Code   RO         9430    i._printf_core      mc_w.l(printfa.o)
    0x080037c4   0x080037c4   0x00000024   Code   RO         9431    i._printf_post_padding  mc_w.l(printfa.o)
    0x080037e8   0x080037e8   0x0000002e   Code   RO         9432    i._printf_pre_padding  mc_w.l(printfa.o)
    0x08003816   0x08003816   0x0000000a   Code   RO         9434    i._sputc            mc_w.l(printfa.o)
    0x08003820   0x08003820   0x00000018   Code   RO           18    i.fputc             main.o
    0x08003838   0x08003838   0x00000050   Code   RO         9450    i.free              mc_w.l(malloc.o)
    0x08003888   0x08003888   0x00000200   Code   RO           19    i.main              main.o
    0x08003a88   0x08003a88   0x0000006c   Code   RO         9451    i.malloc            mc_w.l(malloc.o)
    0x08003af4   0x08003af4   0x000000a8   Code   RO           21    i.quick_sort        main.o
    0x08003b9c   0x08003b9c   0x0000000a   Code   RO           22    i.swap              main.o
    0x08003ba6   0x08003ba6   0x00000012   Data   RO         1036    .constdata          stm32f1xx_hal_rcc.o
    0x08003bb8   0x08003bb8   0x00000012   Data   RO         1128    .constdata          stm32f1xx_hal_rcc_ex.o
    0x08003bca   0x08003bca   0x00000010   Data   RO         3163    .constdata          system_stm32f1xx.o
    0x08003bda   0x08003bda   0x00000008   Data   RO         3164    .constdata          system_stm32f1xx.o
    0x08003be2   0x08003be2   0x00000d28   Data   RO         3235    .constdata          oled.o
    0x0800490a   0x0800490a   0x00000002   PAD
    0x0800490c   0x0800490c   0x00000020   Data   RO         9606    Region$$Table       anon$$obj.o


    Execution Region RW_IRAM1 (Exec base: 0x20000000, Load base: 0x0800492c, Size: 0x00000fa0, Max: 0x00005000, ABSOLUTE, COMPRESSED[0x00000174])

    Exec Addr    Load Addr    Size         Type   Attr      Idx    E Section Name        Object

    0x20000000   COMPRESSED   0x00000003   Data   RW           24    .data               main.o
    0x20000003   COMPRESSED   0x00000001   PAD
    0x20000004   COMPRESSED   0x0000000c   Data   RW          873    .data               stm32f1xx_hal.o
    0x20000010   COMPRESSED   0x00000004   Data   RW         3165    .data               system_stm32f1xx.o
    0x20000014   COMPRESSED   0x00000388   Data   RW         3236    .data               oled.o
    0x2000039c   COMPRESSED   0x00000004   Data   RW         9575    .data               mc_w.l(stdout.o)
    0x200003a0   COMPRESSED   0x00000004   Data   RW         9578    .data               mc_w.l(mvars.o)
    0x200003a4   COMPRESSED   0x00000004   Data   RW         9579    .data               mc_w.l(mvars.o)
    0x200003a8        -       0x00000028   Zero   RW           23    .bss                main.o
    0x200003d0        -       0x00000074   Zero   RW          247    .bss                adc.o
    0x20000444        -       0x00000090   Zero   RW          317    .bss                tim.o
    0x200004d4        -       0x00000048   Zero   RW          379    .bss                usart.o
    0x2000051c        -       0x00000480   Zero   RW         3234    .bss                oled.o
    0x2000099c   COMPRESSED   0x00000004   PAD
    0x200009a0        -       0x00000200   Zero   RW            2    HEAP                startup_stm32f103xb.o
    0x20000ba0        -       0x00000400   Zero   RW            1    STACK               startup_stm32f103xb.o


==============================================================================

Image component sizes


      Code (inc. data)   RO Data    RW Data    ZI Data      Debug   Object Name

       224         32          0          0        116       1615   adc.o
        44          4          0          0          0        694   dma.o
       208         16          0          0          0        891   gpio.o
       918        112          0          3         40     453051   main.o
      1060         48       3368        904       1152      10375   oled.o
        36          8        236          0       1536        772   startup_stm32f103xb.o
       164         28          0         12          0       5645   stm32f1xx_hal.o
      1132         56          0          0          0       7655   stm32f1xx_hal_adc.o
       216          6          0          0          0       1366   stm32f1xx_hal_adc_ex.o
       198         14          0          0          0      28747   stm32f1xx_hal_cortex.o
       586         32          0          0          0       3435   stm32f1xx_hal_dma.o
       524         40          0          0          0       3954   stm32f1xx_hal_gpio.o
        60          8          0          0          0        806   stm32f1xx_hal_msp.o
      1240         84         18          0          0       4920   stm32f1xx_hal_rcc.o
       400         28         18          0          0       2369   stm32f1xx_hal_rcc_ex.o
      1734         72          0          0          0      14668   stm32f1xx_hal_tim.o
       188         12          0          0          0       2048   stm32f1xx_hal_tim_ex.o
       558          6          0          0          0       3812   stm32f1xx_hal_uart.o
        44          6          0          0          0       4791   stm32f1xx_it.o
         2          0         24          4          0       1023   system_stm32f1xx.o
       536         50          0          0        144       3407   tim.o
       168         20          0          0         72       1550   usart.o

    ----------------------------------------------------------------------
     10266        682       3698        924       3064     557594   Object Totals
         0          0         32          0          0          0   (incl. Generated)
        26          0          2          1          4          0   (incl. Padding)

    ----------------------------------------------------------------------

      Code (inc. data)   RO Data    RW Data    ZI Data      Debug   Library Member Name

        86          0          0          0          0          0   __dczerorl2.o
         0          0          0          0          0          0   entry.o
         0          0          0          0          0          0   entry10a.o
         0          0          0          0          0          0   entry11a.o
         4          0          0          0          0          0   entry12b.o
         8          4          0          0          0          0   entry2.o
         4          0          0          0          0          0   entry5.o
         0          0          0          0          0          0   entry7b.o
         0          0          0          0          0          0   entry8b.o
         8          4          0          0          0          0   entry9a.o
        30          0          0          0          0          0   handlers.o
        36          8          0          0          0         68   init.o
         0          0          0          0          0          0   iusefp.o
        30          0          0          0          0         68   llshl.o
        36          0          0          0          0         68   llsshr.o
        32          0          0          0          0         68   llushr.o
       188         20          0          0          0        160   malloc.o
        36          0          0          0          0        108   memseta.o
         0          0          0          8          0          0   mvars.o
      2264         96          0          0          0        612   printfa.o
         0          0          0          4          0          0   stdout.o
        44          0          0          0          0         80   uidiv.o
        98          0          0          0          0         92   uldiv.o
        48          0          0          0          0         68   cdrcmple.o
        20          0          0          0          0         68   cfcmple.o
        20          0          0          0          0         68   cfrcmple.o
        56          0          0          0          0         88   d2f.o
       334          0          0          0          0        148   dadd.o
       222          0          0          0          0        100   ddiv.o
       186          0          0          0          0        176   depilogue.o
        48          0          0          0          0         68   dfixul.o
        34          0          0          0          0         76   dflti.o
       228          0          0          0          0         96   dmul.o
        46          0          0          0          0         80   dscalb.o
        38          0          0          0          0         68   f2d.o
       176          0          0          0          0        140   fadd.o
       124          0          0          0          0         88   fdiv.o
       110          0          0          0          0        168   fepilogue.o
        40          0          0          0          0         68   ffixui.o
        18          0          0          0          0         68   fflti.o
        10          0          0          0          0         68   ffltui.o
       100          0          0          0          0         76   fmul.o

    ----------------------------------------------------------------------
      4768        132          0         12          0       3104   Library Totals
         6          0          0          0          0          0   (incl. Padding)

    ----------------------------------------------------------------------

      Code (inc. data)   RO Data    RW Data    ZI Data      Debug   Library Name

      2904        132          0         12          0       1324   mc_w.l
      1858          0          0          0          0       1780   mf_w.l

    ----------------------------------------------------------------------
      4768        132          0         12          0       3104   Library Totals

    ----------------------------------------------------------------------

==============================================================================


      Code (inc. data)   RO Data    RW Data    ZI Data      Debug   

     15034        814       3698        936       3064     553598   Grand Totals
     15034        814       3698        372       3064     553598   ELF Image Totals (compressed)
     15034        814       3698        372          0          0   ROM Totals

==============================================================================

    Total RO  Size (Code + RO Data)                18732 (  18.29kB)
    Total RW  Size (RW Data + ZI Data)              4000 (   3.91kB)
    Total ROM Size (Code + RO Data + RW Data)      19104 (  18.66kB)

==============================================================================

